\BOOKMARK [1][-]{section.1}{\376\377\137\025\212\000}{}% 1
\BOOKMARK [1][-]{section.2}{\376\377\166\370\121\163\135\345\117\134\116\016\230\171\166\356\133\232\117\115}{}% 2
\BOOKMARK [1][-]{section.3}{\376\377\174\373\176\337\140\073\117\123\147\266\147\204\116\016\145\160\143\156\155\101}{}% 3
\BOOKMARK [1][-]{section.4}{\376\377\122\115\172\357\141\037\167\345\134\102\145\271\154\325}{}% 4
\BOOKMARK [2][-]{subsection.4.1}{\376\377\000P\000o\000i\000n\000t\000P\000i\000l\000l\000a\000r\000s\000\040\116\011\176\364\166\356\150\007\150\300\155\113}{section.4}% 5
\BOOKMARK [2][-]{subsection.4.2}{\376\377\000F\000A\000S\000T\000-\000L\000I\000O\000\040\157\300\121\111\140\357\140\047\221\314\172\013\213\241}{section.4}% 6
\BOOKMARK [2][-]{subsection.4.3}{\376\377\000P\000o\000s\000e\000\040\000B\000r\000i\000d\000g\000e\377\032\116\316\221\314\172\013\213\241\122\060\215\337\216\052\126\150\117\115\131\377}{section.4}% 7
\BOOKMARK [1][-]{section.5}{\376\377\116\055\172\357\123\314\124\021\207\215\124\010\145\271\154\325}{}% 8
\BOOKMARK [2][-]{subsection.5.1}{\376\377\000M\000C\000T\000r\000a\000c\000k\000\040\127\050\176\277\131\032\166\356\150\007\215\337\216\052}{section.5}% 9
\BOOKMARK [2][-]{subsection.5.2}{\376\377\000F\000A\000S\000T\000-\000L\000I\000O\000\040\000\040\000M\000C\000T\000r\000a\000c\000k\377\032\232\330\230\221\117\115\131\377\217\205\122\251\215\337\216\052}{section.5}% 10
\BOOKMARK [2][-]{subsection.5.3}{\376\377\000M\000C\000T\000r\000a\000c\000k\000\040\000\040\000F\000A\000S\000T\000-\000L\000I\000O\377\032\122\250\140\001\166\356\150\007\201\352\220\002\136\224\226\115\147\103}{section.5}% 11
\BOOKMARK [1][-]{section.6}{\376\377\124\016\172\357\200\124\124\010\117\030\123\026\145\271\154\325}{}% 12
\BOOKMARK [1][-]{section.7}{\376\377\135\345\172\013\133\236\163\260\116\016\217\320\210\114\155\101\172\013}{}% 13
\BOOKMARK [1][-]{section.8}{\376\377\133\236\232\214\213\276\213\241\116\016\176\323\147\234\122\006\147\220}{}% 14
\BOOKMARK [2][-]{subsection.8.1}{\376\377\133\236\232\214\213\276\177\156}{section.8}% 15
\BOOKMARK [2][-]{subsection.8.2}{\376\377\116\073\176\323\147\234\377\032\136\217\122\027\000\040\0000\0000\0002\0000}{section.8}% 16
\BOOKMARK [2][-]{subsection.8.3}{\376\377\131\032\136\217\122\027\176\323\147\234}{section.8}% 17
\BOOKMARK [2][-]{subsection.8.4}{\376\377\131\061\215\045\150\110\117\213\116\016\123\237\126\340\122\006\147\220}{section.8}% 18
\BOOKMARK [1][-]{section.9}{\376\377\134\100\226\120\140\047\116\016\147\052\147\145\135\345\117\134}{}% 19
\BOOKMARK [1][-]{section.10}{\376\377\176\323\213\272}{}% 20
