\BOOKMARK [1][-]{section.1}{\376\377\137\025\212\000}{}% 1
\BOOKMARK [1][-]{section.2}{\376\377\170\024\172\166\163\260\162\266\122\006\147\220}{}% 2
\BOOKMARK [2][-]{subsection.2.1}{\376\377\122\250\140\001\127\072\146\157\000\040\000S\000L\000A\000M\377\032\116\316\122\250\140\001\160\271\122\124\226\144\122\060\117\335\133\210\226\115\147\103}{section.2}% 3
\BOOKMARK [2][-]{subsection.2.2}{\376\377\133\371\214\141\141\037\167\345\200\124\124\010\117\060\213\241\377\032\213\251\122\250\140\001\117\341\140\157\146\364\155\361\127\060\217\333\121\145\133\232\117\115}{section.2}% 4
\BOOKMARK [2][-]{subsection.2.3}{\376\377\133\371\153\324\122\006\147\220\116\016\133\130\127\050\166\204\135\356\215\335}{section.2}% 5
\BOOKMARK [1][-]{section.3}{\376\377\145\164\117\123\174\373\176\337\147\266\147\204\116\016\133\232\117\115\130\236\137\072\145\160\143\156\155\101}{}% 6
\BOOKMARK [2][-]{subsection.3.1}{\376\377\000F\000A\000S\000T\000-\000L\000I\000O\000\040\122\115\172\357}{section.3}% 7
\BOOKMARK [2][-]{subsection.3.2}{\376\377\000P\000o\000i\000n\000t\000P\000i\000l\000l\000a\000r\000s\000\040\133\371\214\141\211\302\155\113\152\041\127\127}{section.3}% 8
\BOOKMARK [2][-]{subsection.3.3}{\376\377\000M\000C\000T\000r\000a\000c\000k\000\040\133\371\214\141\162\266\140\001\117\060\213\241\152\041\127\127\116\016\145\160\143\156\155\101\176\306\202\202}{section.3}% 9
\BOOKMARK [2][-]{subsection.3.4}{\376\377\145\366\225\364\133\371\237\120\060\001\127\120\150\007\174\373\116\016\131\061\145\110\152\041\137\017}{section.3}% 10
\BOOKMARK [1][-]{section.4}{\376\377\135\345\172\013\133\236\163\260\116\016\174\373\176\337\226\306\142\020}{}% 11
\BOOKMARK [2][-]{subsection.4.1}{\376\377\145\164\117\123\116\343\170\001\176\304\176\307}{section.4}% 12
\BOOKMARK [2][-]{subsection.4.2}{\376\377\127\050\176\277\174\373\176\337\213\276\213\241}{section.4}% 13
\BOOKMARK [2][-]{subsection.4.3}{\376\377\176\323\147\234\137\122\150\143\116\016\201\032\147\054\123\026\133\236\232\214\173\241\176\277}{section.4}% 14
\BOOKMARK [2][-]{subsection.4.4}{\376\377\000R\000O\000S\000\040\213\335\230\230\060\001\155\210\140\157\143\245\123\343\116\016\226\306\142\020\126\360\226\276}{section.4}% 15
\BOOKMARK [1][-]{section.5}{\376\377\122\250\140\001\147\103\221\315\117\030\123\026}{}% 16
\BOOKMARK [2][-]{subsection.5.1}{\376\377\213\276\213\241\122\250\147\072\116\016\116\343\170\001\117\115\177\156}{section.5}% 17
\BOOKMARK [2][-]{subsection.5.2}{\376\377\147\103\221\315\213\241\173\227}{section.5}% 18
\BOOKMARK [2][-]{subsection.5.3}{\376\377\116\316\215\337\216\052\133\371\214\141\122\060\160\271\176\247\147\103\221\315}{section.5}% 19
\BOOKMARK [2][-]{subsection.5.4}{\376\377\217\271\165\114\140\305\121\265\116\016\123\302\145\160\145\117\141\037\140\047}{section.5}% 20
\BOOKMARK [1][-]{section.6}{\376\377\200\124\124\010\124\016\172\357\117\030\123\026}{}% 21
\BOOKMARK [2][-]{subsection.6.1}{\376\377\116\305\201\352\217\146\156\321\172\227\225\356\230\230\166\204\143\320\121\372}{section.6}% 22
\BOOKMARK [2][-]{subsection.6.2}{\376\377\153\213\135\356\136\372\152\041\116\016\225\350\143\247\173\126\165\145}{section.6}% 23
\BOOKMARK [2][-]{subsection.6.3}{\376\377\156\321\172\227\146\364\145\260\220\073\217\221\116\016\133\236\226\105\210\114\116\072}{section.6}% 24
\BOOKMARK [2][-]{subsection.6.4}{\376\377\200\124\124\010\124\016\172\357\166\204\116\367\120\074\116\016\134\100\226\120}{section.6}% 25
\BOOKMARK [1][-]{section.7}{\376\377\133\236\232\214\122\006\147\220}{}% 26
\BOOKMARK [2][-]{subsection.7.1}{\376\377\133\236\232\214\213\276\177\156\116\016\176\323\147\234\147\145\156\220}{section.7}% 27
\BOOKMARK [2][-]{subsection.7.2}{\376\377\127\050\176\277\133\236\232\214\377\032\154\107\140\073\176\323\147\234}{section.7}% 28
\BOOKMARK [2][-]{subsection.7.3}{\376\377\176\374\124\010\122\006\147\220\116\016\131\061\145\110\152\041\137\017}{section.7}% 29
\BOOKMARK [2][-]{subsection.7.4}{\376\377\116\316\163\260\214\141\122\060\211\343\221\312}{section.7}% 30
\BOOKMARK [2][-]{subsection.7.5}{\376\377\133\236\232\214\121\154\136\163\140\047\116\016\142\245\124\112\176\252\137\213}{section.7}% 31
\BOOKMARK [1][-]{section.8}{\376\377\176\323\213\272\116\016\147\052\147\145\213\241\122\022}{}% 32
\BOOKMARK [1][-]{section.8}{\376\377\123\302\200\003\145\207\163\056}{}% 33
\BOOKMARK [1][-]{section*.16}{\376\377\201\364\214\042}{}% 34
\BOOKMARK [1][-]{section*.17}{\376\377\226\104\137\125\377\032\127\050\176\277\133\236\232\214\121\150\221\317\126\376\162\107}{}% 35
