**
(Report_EN.tex
LaTeX2e <2021-11-15> patch level 1
L3 programming layer <2022-02-24> (article.cls
Document Class: article 2021/10/04 v1.4n Standard LaTeX document class
(size12.clo
File: size12.clo 2021/10/04 v1.4n Standard LaTeX file (size option)
)
\c@part=\count181
\c@section=\count182
\c@subsection=\count183
\c@subsubsection=\count184
\c@paragraph=\count185
\c@subparagraph=\count186
\c@figure=\count187
\c@table=\count188
\abovecaptionskip=\skip47
\belowcaptionskip=\skip48
\bibindent=\dimen138
) (fontspec.sty (xparse.sty (expl3.sty
Package: expl3 2022-02-24 L3 programming layer (loader) 
 (l3backend-xetex.def
File: l3backend-xetex.def 2022-02-07 L3 backend support: XeTeX
\c__kernel_sys_dvipdfmx_version_int=\count189
\l__color_backend_stack_int=\count190
\g__color_backend_stack_int=\count191
\g__graphics_track_int=\count192
\l__pdf_internal_box=\box50
\g__pdf_backend_object_int=\count193
\g__pdf_backend_annotation_int=\count194
\g__pdf_backend_link_int=\count195
))
Package: xparse 2022-01-12 L3 Experimental document command parser
)
Package: fontspec 2022/01/15 v2.8a Font selection for XeLaTeX and LuaLaTeX

(fontspec-xetex.sty
Package: fontspec-xetex 2022/01/15 v2.8a Font selection for XeLaTeX and LuaLaTe
X
\l__fontspec_script_int=\count196
\l__fontspec_language_int=\count197
\l__fontspec_strnum_int=\count198
\l__fontspec_tmp_int=\count199
\l__fontspec_tmpa_int=\count266
\l__fontspec_tmpb_int=\count267
\l__fontspec_tmpc_int=\count268
\l__fontspec_em_int=\count269
\l__fontspec_emdef_int=\count270
\l__fontspec_strong_int=\count271
\l__fontspec_strongdef_int=\count272
\l__fontspec_tmpa_dim=\dimen139
\l__fontspec_tmpb_dim=\dimen140
\l__fontspec_tmpc_dim=\dimen141
 (fontenc.sty
Package: fontenc 2021/04/29 v2.0v Standard LaTeX package
) (fontspec.cfg))) (geometry.sty
Package: geometry 2020/01/02 v5.9 Page Geometry
 (keyval.sty
Package: keyval 2014/10/28 v1.15 key=value parser (DPC)
\KV@toks@=\toks16
)
(ifvtex.sty
Package: ifvtex 2019/10/25 v1.7 ifvtex legacy package. Use iftex instead.
 (iftex.sty
Package: iftex 2022/02/03 v1.0f TeX engine tests
))
\Gm@cnth=\count273
\Gm@cntv=\count274
\c@Gm@tempcnt=\count275
\Gm@bindingoffset=\dimen142
\Gm@wd@mp=\dimen143
\Gm@odd@mp=\dimen144
\Gm@even@mp=\dimen145
\Gm@layoutwidth=\dimen146
\Gm@layoutheight=\dimen147
\Gm@layouthoffset=\dimen148
\Gm@layoutvoffset=\dimen149
\Gm@dimlist=\toks17
) (graphicx.sty
Package: graphicx 2021/09/16 v1.2d Enhanced LaTeX Graphics (DPC,SPQR)
 (graphics.sty
Package: graphics 2021/03/04 v1.4d Standard LaTeX Graphics (DPC,SPQR)
 (trig.sty
Package: trig 2021/08/11 v1.11 sin cos tan (DPC)
) (graphics.cfg
File: graphics.cfg 2016/06/04 v1.11 sample graphics configuration
)
Package graphics Info: Driver file: xetex.def on input line 107.
(xetex.def
File: xetex.def 2021/03/18 v5.0k Graphics/color driver for xetex
))
\Gin@req@height=\dimen150
\Gin@req@width=\dimen151
) (amsmath.sty
Package: amsmath 2021/10/15 v2.17l AMS math features
\@mathmargin=\skip49

For additional information on amsmath, use the `?' option.
(amstext.sty
Package: amstext 2021/08/26 v2.01 AMS text
 (amsgen.sty
File: amsgen.sty 1999/11/30 v2.0 generic functions
\@emptytoks=\toks18
\ex@=\dimen152
)) (amsbsy.sty
Package: amsbsy 1999/11/29 v1.2d Bold Symbols
\pmbraise@=\dimen153
) (amsopn.sty
Package: amsopn 2021/08/26 v2.02 operator names
)
\inf@bad=\count276
LaTeX Info: Redefining \frac on input line 234.
\uproot@=\count277
\leftroot@=\count278
LaTeX Info: Redefining \overline on input line 399.
\classnum@=\count279
\DOTSCASE@=\count280
LaTeX Info: Redefining \ldots on input line 496.
LaTeX Info: Redefining \dots on input line 499.
LaTeX Info: Redefining \cdots on input line 620.
\Mathstrutbox@=\box51
\strutbox@=\box52
\big@size=\dimen154
LaTeX Font Info:    Redeclaring font encoding OML on input line 743.
LaTeX Font Info:    Redeclaring font encoding OMS on input line 744.
\macc@depth=\count281
\c@MaxMatrixCols=\count282
\dotsspace@=\muskip16
\c@parentequation=\count283
\dspbrk@lvl=\count284
\tag@help=\toks19
\row@=\count285
\column@=\count286
\maxfields@=\count287
\andhelp@=\toks20
\eqnshift@=\dimen155
\alignsep@=\dimen156
\tagshift@=\dimen157
\tagwidth@=\dimen158
\totwidth@=\dimen159
\lineht@=\dimen160
\@envbody=\toks21
\multlinegap=\skip50
\multlinetaggap=\skip51
\mathdisplay@stack=\toks22
LaTeX Info: Redefining \[ on input line 2938.
LaTeX Info: Redefining \] on input line 2939.
) (amssymb.sty
Package: amssymb 2013/01/14 v3.01 AMS font symbols

(amsfonts.sty
Package: amsfonts 2013/01/14 v3.01 Basic AMSFonts support
\symAMSa=\mathgroup4
\symAMSb=\mathgroup5
LaTeX Font Info:    Redeclaring math symbol \hbar on input line 98.
LaTeX Font Info:    Overwriting math alphabet `\mathfrak' in version `bold'
(Font)                  U/euf/m/n --> U/euf/b/n on input line 106.
)) (booktabs.sty
Package: booktabs 2020/01/12 v1.61803398 Publication quality tables
\heavyrulewidth=\dimen161
\lightrulewidth=\dimen162
\cmidrulewidth=\dimen163
\belowrulesep=\dimen164
\belowbottomsep=\dimen165
\aboverulesep=\dimen166
\abovetopsep=\dimen167
\cmidrulesep=\dimen168
\cmidrulekern=\dimen169
\defaultaddspace=\dimen170
\@cmidla=\count288
\@cmidlb=\count289
\@aboverulesep=\dimen171
\@belowrulesep=\dimen172
\@thisruleclass=\count290
\@lastruleclass=\count291
\@thisrulewidth=\dimen173
) (longtable.sty
Package: longtable 2021-09-01 v4.17 Multi-page Table package (DPC)
\LTleft=\skip52
\LTright=\skip53
\LTpre=\skip54
\LTpost=\skip55
\LTchunksize=\count292
\LTcapwidth=\dimen174
\LT@head=\box53
\LT@firsthead=\box54
\LT@foot=\box55
\LT@lastfoot=\box56
\LT@gbox=\box57
\LT@cols=\count293
\LT@rows=\count294
\c@LT@tables=\count295
\c@LT@chunks=\count296
\LT@p@ftn=\toks23
) (array.sty
Package: array 2021/10/04 v2.5f Tabular extension package (FMi)
\col@sep=\dimen175
\ar@mcellbox=\box58
\extrarowheight=\dimen176
\NC@list=\toks24
\extratabsurround=\skip56
\backup@length=\skip57
\ar@cellbox=\box59
) (tabularx.sty
Package: tabularx 2020/01/15 v2.11c `tabularx' package (DPC)
\TX@col@width=\dimen177
\TX@old@table=\dimen178
\TX@old@col=\dimen179
\TX@target=\dimen180
\TX@delta=\dimen181
\TX@cols=\count297
\TX@ftn=\toks25
)
(float.sty
Package: float 2001/11/08 v1.3d Float enhancements (AL)
\c@float@type=\count298
\float@exts=\toks26
\float@box=\box60
\@float@everytoks=\toks27
\@floatcapt=\box61
) (caption.sty
Package: caption 2022/03/01 v3.6b Customizing captions (AR)
 (caption3.sty
Package: caption3 2022/03/17 v2.3b caption3 kernel (AR)
\caption@tempdima=\dimen182
\captionmargin=\dimen183
\caption@leftmargin=\dimen184
\caption@rightmargin=\dimen185
\caption@width=\dimen186
\caption@indent=\dimen187
\caption@parindent=\dimen188
\caption@hangindent=\dimen189
Package caption Info: Standard document class detected.
)
\c@caption@flags=\count299
\c@continuedfloat=\count300
Package caption Info: float package is loaded.
Package caption Info: longtable package is loaded.
 (ltcaption.sty
Package: ltcaption 2021/01/08 v1.4c longtable captions (AR)
)) (subcaption.sty
Package: subcaption 2022/01/07 v1.5 Sub-captions (AR)
\c@subfigure=\count301
\c@subtable=\count302
)
(hyperref.sty
Package: hyperref 2022-02-21 v7.00n Hypertext links for LaTeX
 (ltxcmds.sty
Package: ltxcmds 2020-05-10 v1.25 LaTeX kernel commands for general use (HO)
) (pdftexcmds.sty
Package: pdftexcmds 2020-06-27 v0.33 Utility functions of pdfTeX for LuaTeX (HO
)
 (infwarerr.sty
Package: infwarerr 2019/12/03 v1.5 Providing info/warning/error messages (HO)
)
Package pdftexcmds Info: \pdf@primitive is available.
Package pdftexcmds Info: \pdf@ifprimitive is available.
Package pdftexcmds Info: \pdfdraftmode not found.
) (kvsetkeys.sty
Package: kvsetkeys 2019/12/15 v1.18 Key value parser (HO)
)
(kvdefinekeys.sty
Package: kvdefinekeys 2019-12-19 v1.6 Define keys (HO)
) (pdfescape.sty
Package: pdfescape 2019/12/09 v1.15 Implements pdfTeX's escape features (HO)
) (hycolor.sty
Package: hycolor 2020-01-27 v1.10 Color options for hyperref/bookmark (HO)
) (letltxmacro.sty
Package: letltxmacro 2019/12/03 v1.6 Let assignment for LaTeX macros (HO)
) (auxhook.sty
Package: auxhook 2019-12-17 v1.6 Hooks for auxiliary files (HO)
) (kvoptions.sty
Package: kvoptions 2020-10-07 v3.14 Key value format for package options (HO)
)
\@linkdim=\dimen190
\Hy@linkcounter=\count303
\Hy@pagecounter=\count304
 (pd1enc.def
File: pd1enc.def 2022-02-21 v7.00n Hyperref: PDFDocEncoding definition (HO)
) (intcalc.sty
Package: intcalc 2019/12/15 v1.3 Expandable calculations with integers (HO)
) (etexcmds.sty
Package: etexcmds 2019/12/15 v1.7 Avoid name clashes with e-TeX commands (HO)
)
\Hy@SavedSpaceFactor=\count305
 (puenc.def
File: puenc.def 2022-02-21 v7.00n Hyperref: PDF Unicode definition (HO)
)
Package hyperref Info: Hyper figures OFF on input line 4137.
Package hyperref Info: Link nesting OFF on input line 4142.
Package hyperref Info: Hyper index ON on input line 4145.
Package hyperref Info: Plain pages OFF on input line 4152.
Package hyperref Info: Backreferencing OFF on input line 4157.
Package hyperref Info: Implicit mode ON; LaTeX internals redefined.
Package hyperref Info: Bookmarks ON on input line 4390.
\c@Hy@tempcnt=\count306

(url.sty
\Urlmuskip=\muskip17
Package: url 2013/09/16  ver 3.4  Verb mode for urls, etc.
)
LaTeX Info: Redefining \url on input line 4749.
\XeTeXLinkMargin=\dimen191
 (bitset.sty
Package: bitset 2019/12/09 v1.3 Handle bit-vector datatype (HO)
 (bigintcalc.sty
Package: bigintcalc 2019/12/15 v1.5 Expandable calculations on big integers (HO
)
))
\Fld@menulength=\count307
\Field@Width=\dimen192
\Fld@charsize=\dimen193
Package hyperref Info: Hyper figures OFF on input line 6027.
Package hyperref Info: Link nesting OFF on input line 6032.
Package hyperref Info: Hyper index ON on input line 6035.
Package hyperref Info: backreferencing OFF on input line 6042.
Package hyperref Info: Link coloring OFF on input line 6047.
Package hyperref Info: Link coloring with OCG OFF on input line 6052.
Package hyperref Info: PDF/A mode OFF on input line 6057.
LaTeX Info: Redefining \ref on input line 6097.
LaTeX Info: Redefining \pageref on input line 6101.
 (atbegshi-ltx.sty
Package: atbegshi-ltx 2021/01/10 v1.0c Emulation of the original atbegshi
package with kernel methods
)
\Hy@abspage=\count308
\c@Item=\count309
\c@Hfootnote=\count310
)
Package hyperref Info: Driver (autodetected): hxetex.
 (hxetex.def
File: hxetex.def 2022-02-21 v7.00n Hyperref driver for XeTeX

(stringenc.sty
Package: stringenc 2019/11/29 v1.12 Convert strings between diff. encodings (HO
)
)
\pdfm@box=\box62
\c@Hy@AnnotLevel=\count311
\HyField@AnnotCount=\count312
\Fld@listcount=\count313
\c@bookmark@seq@number=\count314
 (rerunfilecheck.sty
Package: rerunfilecheck 2019/12/05 v1.9 Rerun checks for auxiliary files (HO)
 (atveryend-ltx.sty
Package: atveryend-ltx 2020/08/19 v1.0a Emulation of the original atveryend pac
kage
with kernel methods
) (uniquecounter.sty
Package: uniquecounter 2019/12/15 v1.4 Provide unlimited unique counter (HO)
)
Package uniquecounter Info: New unique counter `rerunfilecheck' on input line 2
86.
)
\Hy@SectionHShift=\skip58
)
(xurl.sty
Package: xurl 2022/01/09 v 0.10 modify URL breaks
) (setspace.sty
Package: setspace 2011/12/19 v6.7a set line spacing
) (makecell.sty
Package: makecell 2009/08/03 V0.1e Managing of Tab Column Heads and Cells
\rotheadsize=\dimen194
\c@nlinenum=\count315
\TeXr@lab=\toks28
) (enumitem.sty
Package: enumitem 2019/06/20 v3.9 Customized lists
\labelindent=\skip59
\enit@outerparindent=\dimen195
\enit@toks=\toks29
\enit@inbox=\box63
\enit@count@id=\count316
\enitdp@description=\count317
) (tikz.sty (pgf.sty
(pgfrcs.sty (pgfutil-common.tex
\pgfutil@everybye=\toks30
\pgfutil@tempdima=\dimen196
\pgfutil@tempdimb=\dimen197
 (pgfutil-common-lists.tex)) (pgfutil-latex.def
\pgfutil@abb=\box64
) (pgfrcs.code.tex (pgf.revision.tex)
Package: pgfrcs 2021/05/15 v3.1.9a (3.1.9a)
))
Package: pgf 2021/05/15 v3.1.9a (3.1.9a)
 (pgfcore.sty (pgfsys.sty
(pgfsys.code.tex
Package: pgfsys 2021/05/15 v3.1.9a (3.1.9a)
 (pgfkeys.code.tex
\pgfkeys@pathtoks=\toks31
\pgfkeys@temptoks=\toks32
 (pgfkeysfiltered.code.tex
\pgfkeys@tmptoks=\toks33
))
\pgf@x=\dimen198
\pgf@y=\dimen199
\pgf@xa=\dimen256
\pgf@ya=\dimen257
\pgf@xb=\dimen258
\pgf@yb=\dimen259
\pgf@xc=\dimen260
\pgf@yc=\dimen261
\pgf@xd=\dimen262
\pgf@yd=\dimen263
\w@pgf@writea=\write3
\r@pgf@reada=\read2
\c@pgf@counta=\count318
\c@pgf@countb=\count319
\c@pgf@countc=\count320
\c@pgf@countd=\count321
\t@pgf@toka=\toks34
\t@pgf@tokb=\toks35
\t@pgf@tokc=\toks36
\pgf@sys@id@count=\count322
 (pgf.cfg
File: pgf.cfg 2021/05/15 v3.1.9a (3.1.9a)
)
Driver file for pgf: pgfsys-xetex.def

(pgfsys-xetex.def
File: pgfsys-xetex.def 2021/05/15 v3.1.9a (3.1.9a)
 (pgfsys-dvipdfmx.def
File: pgfsys-dvipdfmx.def 2021/05/15 v3.1.9a (3.1.9a)
 (pgfsys-common-pdf.def
File: pgfsys-common-pdf.def 2021/05/15 v3.1.9a (3.1.9a)
)
\pgfsys@objnum=\count323
)))
(pgfsyssoftpath.code.tex
File: pgfsyssoftpath.code.tex 2021/05/15 v3.1.9a (3.1.9a)
\pgfsyssoftpath@smallbuffer@items=\count324
\pgfsyssoftpath@bigbuffer@items=\count325
) (pgfsysprotocol.code.tex
File: pgfsysprotocol.code.tex 2021/05/15 v3.1.9a (3.1.9a)
)) (xcolor.sty
Package: xcolor 2021/10/31 v2.13 LaTeX color extensions (UK)
 (color.cfg
File: color.cfg 2016/01/02 v1.6 sample color configuration
)
Package xcolor Info: Driver file: xetex.def on input line 227.
Package xcolor Info: Model `cmy' substituted by `cmy0' on input line 1352.
Package xcolor Info: Model `RGB' extended on input line 1368.
Package xcolor Info: Model `HTML' substituted by `rgb' on input line 1370.
Package xcolor Info: Model `Hsb' substituted by `hsb' on input line 1371.
Package xcolor Info: Model `tHsb' substituted by `hsb' on input line 1372.
Package xcolor Info: Model `HSB' substituted by `hsb' on input line 1373.
Package xcolor Info: Model `Gray' substituted by `gray' on input line 1374.
Package xcolor Info: Model `wave' substituted by `hsb' on input line 1375.
)
(pgfcore.code.tex
Package: pgfcore 2021/05/15 v3.1.9a (3.1.9a)
 (pgfmath.code.tex (pgfmathcalc.code.tex (pgfmathutil.code.tex) (pgfmathparser.
code.tex
\pgfmath@dimen=\dimen264
\pgfmath@count=\count326
\pgfmath@box=\box65
\pgfmath@toks=\toks37
\pgfmath@stack@operand=\toks38
\pgfmath@stack@operation=\toks39
) (pgfmathfunctions.code.tex
(pgfmathfunctions.basic.code.tex) (pgfmathfunctions.trigonometric.code.tex)
(pgfmathfunctions.random.code.tex) (pgfmathfunctions.comparison.code.tex)
(pgfmathfunctions.base.code.tex) (pgfmathfunctions.round.code.tex)
(pgfmathfunctions.misc.code.tex) (pgfmathfunctions.integerarithmetics.code.tex)
)) (pgfmathfloat.code.tex
\c@pgfmathroundto@lastzeros=\count327
)) (pgfint.code.tex) (pgfcorepoints.code.tex
File: pgfcorepoints.code.tex 2021/05/15 v3.1.9a (3.1.9a)
\pgf@picminx=\dimen265
\pgf@picmaxx=\dimen266
\pgf@picminy=\dimen267
\pgf@picmaxy=\dimen268
\pgf@pathminx=\dimen269
\pgf@pathmaxx=\dimen270
\pgf@pathminy=\dimen271
\pgf@pathmaxy=\dimen272
\pgf@xx=\dimen273
\pgf@xy=\dimen274
\pgf@yx=\dimen275
\pgf@yy=\dimen276
\pgf@zx=\dimen277
\pgf@zy=\dimen278
)
(pgfcorepathconstruct.code.tex
File: pgfcorepathconstruct.code.tex 2021/05/15 v3.1.9a (3.1.9a)
\pgf@path@lastx=\dimen279
\pgf@path@lasty=\dimen280
) (pgfcorepathusage.code.tex
File: pgfcorepathusage.code.tex 2021/05/15 v3.1.9a (3.1.9a)
\pgf@shorten@end@additional=\dimen281
\pgf@shorten@start@additional=\dimen282
)
(pgfcorescopes.code.tex
File: pgfcorescopes.code.tex 2021/05/15 v3.1.9a (3.1.9a)
\pgfpic=\box66
\pgf@hbox=\box67
\pgf@layerbox@main=\box68
\pgf@picture@serial@count=\count328
) (pgfcoregraphicstate.code.tex
File: pgfcoregraphicstate.code.tex 2021/05/15 v3.1.9a (3.1.9a)
\pgflinewidth=\dimen283
)
(pgfcoretransformations.code.tex
File: pgfcoretransformations.code.tex 2021/05/15 v3.1.9a (3.1.9a)
\pgf@pt@x=\dimen284
\pgf@pt@y=\dimen285
\pgf@pt@temp=\dimen286
) (pgfcorequick.code.tex
File: pgfcorequick.code.tex 2021/05/15 v3.1.9a (3.1.9a)
)
(pgfcoreobjects.code.tex
File: pgfcoreobjects.code.tex 2021/05/15 v3.1.9a (3.1.9a)
) (pgfcorepathprocessing.code.tex
File: pgfcorepathprocessing.code.tex 2021/05/15 v3.1.9a (3.1.9a)
)
(pgfcorearrows.code.tex
File: pgfcorearrows.code.tex 2021/05/15 v3.1.9a (3.1.9a)
\pgfarrowsep=\dimen287
) (pgfcoreshade.code.tex
File: pgfcoreshade.code.tex 2021/05/15 v3.1.9a (3.1.9a)
\pgf@max=\dimen288
\pgf@sys@shading@range@num=\count329
\pgf@shadingcount=\count330
) (pgfcoreimage.code.tex
File: pgfcoreimage.code.tex 2021/05/15 v3.1.9a (3.1.9a)

(pgfcoreexternal.code.tex
File: pgfcoreexternal.code.tex 2021/05/15 v3.1.9a (3.1.9a)
\pgfexternal@startupbox=\box69
)) (pgfcorelayers.code.tex
File: pgfcorelayers.code.tex 2021/05/15 v3.1.9a (3.1.9a)
)
(pgfcoretransparency.code.tex
File: pgfcoretransparency.code.tex 2021/05/15 v3.1.9a (3.1.9a)
) (pgfcorepatterns.code.tex
File: pgfcorepatterns.code.tex 2021/05/15 v3.1.9a (3.1.9a)
) (pgfcorerdf.code.tex
File: pgfcorerdf.code.tex 2021/05/15 v3.1.9a (3.1.9a)
))) (pgfmoduleshapes.code.tex
File: pgfmoduleshapes.code.tex 2021/05/15 v3.1.9a (3.1.9a)
\pgfnodeparttextbox=\box70
) (pgfmoduleplot.code.tex
File: pgfmoduleplot.code.tex 2021/05/15 v3.1.9a (3.1.9a)
)
(pgfcomp-version-0-65.sty
Package: pgfcomp-version-0-65 2021/05/15 v3.1.9a (3.1.9a)
\pgf@nodesepstart=\dimen289
\pgf@nodesepend=\dimen290
) (pgfcomp-version-1-18.sty
Package: pgfcomp-version-1-18 2021/05/15 v3.1.9a (3.1.9a)
)) (pgffor.sty (pgfkeys.sty (pgfkeys.code.tex)) (pgfmath.sty (pgfmath.code.tex)
) (pgffor.code.tex
Package: pgffor 2021/05/15 v3.1.9a (3.1.9a)

(pgfmath.code.tex)
\pgffor@iter=\dimen291
\pgffor@skip=\dimen292
\pgffor@stack=\toks40
\pgffor@toks=\toks41
)) (tikz.code.tex
Package: tikz 2021/05/15 v3.1.9a (3.1.9a)
 (pgflibraryplothandlers.code.tex
File: pgflibraryplothandlers.code.tex 2021/05/15 v3.1.9a (3.1.9a)
\pgf@plot@mark@count=\count331
\pgfplotmarksize=\dimen293
)
\tikz@lastx=\dimen294
\tikz@lasty=\dimen295
\tikz@lastxsaved=\dimen296
\tikz@lastysaved=\dimen297
\tikz@lastmovetox=\dimen298
\tikz@lastmovetoy=\dimen299
\tikzleveldistance=\dimen300
\tikzsiblingdistance=\dimen301
\tikz@figbox=\box71
\tikz@figbox@bg=\box72
\tikz@tempbox=\box73
\tikz@tempbox@bg=\box74
\tikztreelevel=\count332
\tikznumberofchildren=\count333
\tikznumberofcurrentchild=\count334
\tikz@fig@count=\count335

(pgfmodulematrix.code.tex
File: pgfmodulematrix.code.tex 2021/05/15 v3.1.9a (3.1.9a)
\pgfmatrixcurrentrow=\count336
\pgfmatrixcurrentcolumn=\count337
\pgf@matrix@numberofcolumns=\count338
)
\tikz@expandcount=\count339
 (tikzlibrarytopaths.code.tex
File: tikzlibrarytopaths.code.tex 2021/05/15 v3.1.9a (3.1.9a)
)))
(pgflibraryarrows.meta.code.tex
File: pgflibraryarrows.meta.code.tex 2021/05/15 v3.1.9a (3.1.9a)
\pgfarrowinset=\dimen302
\pgfarrowlength=\dimen303
\pgfarrowwidth=\dimen304
\pgfarrowlinewidth=\dimen305
) (tikzlibrarycalc.code.tex
File: tikzlibrarycalc.code.tex 2021/05/15 v3.1.9a (3.1.9a)
)
(tikzlibrarypositioning.code.tex
File: tikzlibrarypositioning.code.tex 2021/05/15 v3.1.9a (3.1.9a)
)
Package hyperref Info: Option `colorlinks' set `true' on input line 28.

Package fontspec Info: Font family 'TimesNewRoman(0)' created for font 'Times
(fontspec)             New Roman' with options [Ligatures=TeX].
(fontspec)              
(fontspec)              This font family consists of the following NFSS
(fontspec)             series/shapes:
(fontspec)              
(fontspec)             - 'normal' (m/n) with NFSS spec.: <->"Times New
(fontspec)             Roman/OT:script=latn;language=dflt;mapping=tex-text;"
(fontspec)             - 'small caps'  (m/sc) with NFSS spec.: <->"Times New
(fontspec)             Roman/OT:script=latn;language=dflt;+smcp;mapping=tex-tex
t;"
(fontspec)             - 'bold' (b/n) with NFSS spec.: <->"Times New
(fontspec)             Roman/B/OT:script=latn;language=dflt;mapping=tex-text;"
(fontspec)             - 'bold small caps'  (b/sc) with NFSS spec.: <->"Times
(fontspec)             New
(fontspec)             Roman/B/OT:script=latn;language=dflt;+smcp;mapping=tex-t
ext;"
(fontspec)             - 'italic' (m/it) with NFSS spec.: <->"Times New
(fontspec)             Roman/I/OT:script=latn;language=dflt;mapping=tex-text;"
(fontspec)             - 'italic small caps'  (m/scit) with NFSS spec.:
(fontspec)             <->"Times New
(fontspec)             Roman/I/OT:script=latn;language=dflt;+smcp;mapping=tex-t
ext;"
(fontspec)             - 'bold italic' (b/it) with NFSS spec.: <->"Times New
(fontspec)             Roman/BI/OT:script=latn;language=dflt;mapping=tex-text;"

(fontspec)             - 'bold italic small caps'  (b/scit) with NFSS spec.:
(fontspec)             <->"Times New
(fontspec)             Roman/BI/OT:script=latn;language=dflt;+smcp;mapping=tex-
text;"

 (Report_EN.aux)
\openout1 = `Report_EN.aux'.

LaTeX Font Info:    Checking defaults for OML/cmm/m/it on input line 191.
LaTeX Font Info:    ... okay on input line 191.
LaTeX Font Info:    Checking defaults for OMS/cmsy/m/n on input line 191.
LaTeX Font Info:    ... okay on input line 191.
LaTeX Font Info:    Checking defaults for OT1/cmr/m/n on input line 191.
LaTeX Font Info:    ... okay on input line 191.
LaTeX Font Info:    Checking defaults for T1/cmr/m/n on input line 191.
LaTeX Font Info:    ... okay on input line 191.
LaTeX Font Info:    Checking defaults for TS1/cmr/m/n on input line 191.
LaTeX Font Info:    Trying to load font information for TS1+cmr on input line 1
91.
 (ts1cmr.fd
File: ts1cmr.fd 2019/12/16 v2.5j Standard LaTeX font definitions
)
LaTeX Font Info:    ... okay on input line 191.
LaTeX Font Info:    Checking defaults for TU/lmr/m/n on input line 191.
LaTeX Font Info:    ... okay on input line 191.
LaTeX Font Info:    Checking defaults for OMX/cmex/m/n on input line 191.
LaTeX Font Info:    ... okay on input line 191.
LaTeX Font Info:    Checking defaults for U/cmr/m/n on input line 191.
LaTeX Font Info:    ... okay on input line 191.
LaTeX Font Info:    Checking defaults for PD1/pdf/m/n on input line 191.
LaTeX Font Info:    ... okay on input line 191.
LaTeX Font Info:    Checking defaults for PU/pdf/m/n on input line 191.
LaTeX Font Info:    ... okay on input line 191.

Package fontspec Info: Adjusting the maths setup (use [no-math] to avoid
(fontspec)             this).

\symlegacymaths=\mathgroup6
LaTeX Font Info:    Overwriting symbol font `legacymaths' in version `bold'
(Font)                  OT1/cmr/m/n --> OT1/cmr/bx/n on input line 191.
LaTeX Font Info:    Redeclaring math accent \acute on input line 191.
LaTeX Font Info:    Redeclaring math accent \grave on input line 191.
LaTeX Font Info:    Redeclaring math accent \ddot on input line 191.
LaTeX Font Info:    Redeclaring math accent \tilde on input line 191.
LaTeX Font Info:    Redeclaring math accent \bar on input line 191.
LaTeX Font Info:    Redeclaring math accent \breve on input line 191.
LaTeX Font Info:    Redeclaring math accent \check on input line 191.
LaTeX Font Info:    Redeclaring math accent \hat on input line 191.
LaTeX Font Info:    Redeclaring math accent \dot on input line 191.
LaTeX Font Info:    Redeclaring math accent \mathring on input line 191.
LaTeX Font Info:    Redeclaring math symbol \Gamma on input line 191.
LaTeX Font Info:    Redeclaring math symbol \Delta on input line 191.
LaTeX Font Info:    Redeclaring math symbol \Theta on input line 191.
LaTeX Font Info:    Redeclaring math symbol \Lambda on input line 191.
LaTeX Font Info:    Redeclaring math symbol \Xi on input line 191.
LaTeX Font Info:    Redeclaring math symbol \Pi on input line 191.
LaTeX Font Info:    Redeclaring math symbol \Sigma on input line 191.
LaTeX Font Info:    Redeclaring math symbol \Upsilon on input line 191.
LaTeX Font Info:    Redeclaring math symbol \Phi on input line 191.
LaTeX Font Info:    Redeclaring math symbol \Psi on input line 191.
LaTeX Font Info:    Redeclaring math symbol \Omega on input line 191.
LaTeX Font Info:    Redeclaring math symbol \mathdollar on input line 191.
LaTeX Font Info:    Redeclaring symbol font `operators' on input line 191.
LaTeX Font Info:    Encoding `OT1' has changed to `TU' for symbol font
(Font)              `operators' in the math version `normal' on input line 191.

LaTeX Font Info:    Overwriting symbol font `operators' in version `normal'
(Font)                  OT1/cmr/m/n --> TU/TimesNewRoman(0)/m/n on input line 1
91.
LaTeX Font Info:    Encoding `OT1' has changed to `TU' for symbol font
(Font)              `operators' in the math version `bold' on input line 191.
LaTeX Font Info:    Overwriting symbol font `operators' in version `bold'
(Font)                  OT1/cmr/bx/n --> TU/TimesNewRoman(0)/m/n on input line 
191.
LaTeX Font Info:    Overwriting symbol font `operators' in version `normal'
(Font)                  TU/TimesNewRoman(0)/m/n --> TU/TimesNewRoman(0)/m/n on 
input line 191.
LaTeX Font Info:    Overwriting math alphabet `\mathit' in version `normal'
(Font)                  OT1/cmr/m/it --> TU/TimesNewRoman(0)/m/it on input line
 191.
LaTeX Font Info:    Overwriting math alphabet `\mathbf' in version `normal'
(Font)                  OT1/cmr/bx/n --> TU/TimesNewRoman(0)/b/n on input line 
191.
LaTeX Font Info:    Overwriting math alphabet `\mathsf' in version `normal'
(Font)                  OT1/cmss/m/n --> TU/lmss/m/n on input line 191.
LaTeX Font Info:    Overwriting math alphabet `\mathtt' in version `normal'
(Font)                  OT1/cmtt/m/n --> TU/lmtt/m/n on input line 191.
LaTeX Font Info:    Overwriting symbol font `operators' in version `bold'
(Font)                  TU/TimesNewRoman(0)/m/n --> TU/TimesNewRoman(0)/b/n on 
input line 191.
LaTeX Font Info:    Overwriting math alphabet `\mathit' in version `bold'
(Font)                  OT1/cmr/bx/it --> TU/TimesNewRoman(0)/b/it on input lin
e 191.
LaTeX Font Info:    Overwriting math alphabet `\mathsf' in version `bold'
(Font)                  OT1/cmss/bx/n --> TU/lmss/b/n on input line 191.
LaTeX Font Info:    Overwriting math alphabet `\mathtt' in version `bold'
(Font)                  OT1/cmtt/m/n --> TU/lmtt/b/n on input line 191.

*geometry* driver: auto-detecting
*geometry* detected driver: xetex
*geometry* verbose mode - [ preamble ] result:
* driver: xetex
* paper: a4paper
* layout: <same size as paper>
* layoutoffset:(h,v)=(0.0pt,0.0pt)
* modes: 
* h-part:(L,W,R)=(72.26999pt, 452.9679pt, 72.26999pt)
* v-part:(T,H,B)=(72.26999pt, 700.50687pt, 72.26999pt)
* \paperwidth=597.50787pt
* \paperheight=845.04684pt
* \textwidth=452.9679pt
* \textheight=700.50687pt
* \oddsidemargin=0.0pt
* \evensidemargin=0.0pt
* \topmargin=-37.0pt
* \headheight=12.0pt
* \headsep=25.0pt
* \topskip=12.0pt
* \footskip=30.0pt
* \marginparwidth=35.0pt
* \marginparsep=10.0pt
* \columnsep=10.0pt
* \skip\footins=10.8pt plus 4.0pt minus 2.0pt
* \hoffset=0.0pt
* \voffset=0.0pt
* \mag=1000
* \@twocolumnfalse
* \@twosidefalse
* \@mparswitchfalse
* \@reversemarginfalse
* (1in=72.27pt=25.4mm, 1cm=28.453pt)

Package caption Info: Begin \AtBeginDocument code.
Package caption Info: hyperref package is loaded.
Package caption Info: End \AtBeginDocument code.
Package hyperref Info: Link coloring ON on input line 191.
(nameref.sty
Package: nameref 2021-04-02 v2.47 Cross-referencing by name of section
 (refcount.sty
Package: refcount 2019/12/15 v3.6 Data extraction from label references (HO)
) (gettitlestring.sty
Package: gettitlestring 2019/12/15 v1.6 Cleanup title references (HO)
)
\c@section@level=\count340
)
LaTeX Info: Redefining \ref on input line 191.
LaTeX Info: Redefining \pageref on input line 191.
LaTeX Info: Redefining \nameref on input line 191.
 (Report_EN.out)
(Report_EN.out)
\@outlinefile=\write4
\openout4 = `Report_EN.out'.

LaTeX Font Info:    Trying to load font information for U+msa on input line 193
.
 (umsa.fd
File: umsa.fd 2013/01/14 v3.01 AMS symbols A
)
LaTeX Font Info:    Trying to load font information for U+msb on input line 193
.
 (umsb.fd
File: umsb.fd 2013/01/14 v3.01 AMS symbols B
) [1

] [2]
Underfull \hbox (badness 4454) in paragraph at lines 227--227
[]|\TU/TimesNewRoman(0)/m/n/10.95 Coupling / opti-
 []


Underfull \hbox (badness 2285) in paragraph at lines 227--227
[]|\TU/TimesNewRoman(0)/m/n/10.95 Conf SLAM-
 []


Underfull \hbox (badness 10000) in paragraph at lines 227--227
[]|\TU/TimesNewRoman(0)/m/n/10.95 LiDAR; LiDAR
 []


Underfull \hbox (badness 10000) in paragraph at lines 227--227
\TU/TimesNewRoman(0)/m/n/10.95 odometry front-
 []


Underfull \hbox (badness 10000) in paragraph at lines 227--227
[]|\TU/TimesNewRoman(0)/m/n/10.95 Tightly coupled;
 []


Underfull \hbox (badness 10000) in paragraph at lines 227--227
\TU/TimesNewRoman(0)/m/n/10.95 confidence-
 []


Underfull \hbox (badness 10000) in paragraph at lines 227--227
\TU/TimesNewRoman(0)/m/n/10.95 guided data
 []


Underfull \hbox (badness 10000) in paragraph at lines 227--227
\TU/TimesNewRoman(0)/m/n/10.95 association em-
 []


Underfull \hbox (badness 3690) in paragraph at lines 227--227
\TU/TimesNewRoman(0)/m/n/10.95 bedded in graph
 []


Underfull \hbox (badness 10000) in paragraph at lines 227--227
[]|\TU/TimesNewRoman(0)/m/n/10.95 LiDAR+IMU;
 []


Underfull \hbox (badness 10000) in paragraph at lines 227--227
[]|\TU/TimesNewRoman(0)/m/n/10.95 Tightly coupled;
 []


Underfull \hbox (badness 10000) in paragraph at lines 227--227
\TU/TimesNewRoman(0)/m/n/10.95 sliding-window
 []


Underfull \hbox (badness 10000) in paragraph at lines 227--227
\TU/TimesNewRoman(0)/m/n/10.95 unified modeling for LiDAR-inertial
 []


Underfull \hbox (badness 1946) in paragraph at lines 227--227
\TU/TimesNewRoman(0)/m/n/10.95 odometry and MOT, and is especially
 []


Underfull \hbox (badness 2626) in paragraph at lines 227--227
\TU/TimesNewRoman(0)/m/n/10.95 relevant for moving this project from
 []


Underfull \hbox (badness 10000) in paragraph at lines 227--227
[]|\TU/TimesNewRoman(0)/m/n/10.95 IMM-
 []


Underfull \hbox (badness 10000) in paragraph at lines 227--227
[]|\TU/TimesNewRoman(0)/m/n/10.95 Stereo vision;
 []


Underfull \hbox (badness 10000) in paragraph at lines 227--227
\TU/TimesNewRoman(0)/m/n/10.95 ORB-SLAM2
 []


Underfull \hbox (badness 10000) in paragraph at lines 227--227
[]|\TU/TimesNewRoman(0)/m/n/10.95 Tightly cou-
 []


Underfull \hbox (badness 10000) in paragraph at lines 227--227
\TU/TimesNewRoman(0)/m/n/10.95 multiple motion
 []


Underfull \hbox (badness 10000) in paragraph at lines 227--227
[]|\TU/TimesNewRoman(0)/m/n/10.95 Highlights the importance of model
 []


Underfull \hbox (badness 1087) in paragraph at lines 227--227
\TU/TimesNewRoman(0)/m/n/10.95 showing that a single constant-velocity
 []


Underfull \hbox (badness 10000) in paragraph at lines 227--227
[]|\TU/TimesNewRoman(0)/m/n/10.95 Online Dy-
 []


Underfull \hbox (badness 10000) in paragraph at lines 227--227
[]|\TU/TimesNewRoman(0)/m/n/10.95 Stereo vision;
 []


Underfull \hbox (badness 10000) in paragraph at lines 227--227
[]|\TU/TimesNewRoman(0)/m/n/10.95 Tightly coupled;
 []


Underfull \hbox (badness 10000) in paragraph at lines 227--227
[]|\TU/TimesNewRoman(0)/m/n/10.95 LiDAR; LiDAR
 []


Underfull \hbox (badness 10000) in paragraph at lines 227--227
\TU/TimesNewRoman(0)/m/n/10.95 odometry front-
 []


Underfull \hbox (badness 10000) in paragraph at lines 227--227
[]|\TU/TimesNewRoman(0)/m/n/10.95 Tightly cou-
 []


Underfull \hbox (badness 10000) in paragraph at lines 227--227
\TU/TimesNewRoman(0)/m/n/10.95 pled; collab-
 []


Underfull \hbox (badness 10000) in paragraph at lines 227--227
\TU/TimesNewRoman(0)/m/n/10.95 orative graph
 []


Underfull \hbox (badness 10000) in paragraph at lines 227--227
\TU/TimesNewRoman(0)/m/n/10.95 optimization /
 []


Underfull \hbox (badness 10000) in paragraph at lines 227--227
\TU/TimesNewRoman(0)/m/n/10.95 sliding-window
 []


Underfull \hbox (badness 1881) in paragraph at lines 227--227
\TU/TimesNewRoman(0)/m/n/10.95 information among detection, tracking,
 []

[3]
File: Figures//Overall architecture of the proposed dynamic-scene trajectory op
timization framework.png Graphic file (type bmp)
<Figures//Overall architecture of the proposed dynamic-scene trajectory optimiz
ation framework.png>
 [4]
Underfull \hbox (badness 1152) in paragraph at lines 242--243
\TU/TimesNewRoman(0)/m/n/12 from \TU/lmtt/m/n/12 /detection/lidar_detections \T
U/TimesNewRoman(0)/m/n/12 to determine which vehicle is which and where
 []

[5]
File: Figures//FAST-LIO2 System Architecture.jpg Graphic file (type bmp)
<Figures//FAST-LIO2 System Architecture.jpg>
 [6]
Missing character: There is no ^^F (U+0006) in font Times New Roman Bold/OT:scr
ipt=latn;language=dflt;mapping=tex-text;!

Overfull \hbox (12.3355pt too wide) in paragraph at lines 290--291
\TU/lmtt/m/n/12 fastlio_pose_bridge.py\TU/TimesNewRoman(0)/m/n/12 . This bridge
 node converts \TU/lmtt/m/n/12 /Odometry \TU/TimesNewRoman(0)/m/n/12 into \TU/l
mtt/m/n/12 /mctrack/lidar_pose\TU/TimesNewRoman(0)/m/n/12 ,
 []


Overfull \hbox (120.39369pt too wide) in paragraph at lines 293--294
\TU/TimesNewRoman(0)/m/n/12 PointPillars [[]] is wrapped as a ROS node through 
\TU/lmtt/m/n/12 MMDET3D/local/ros/nodes/kitti_pointpillars_bag_node.py\TU/Times
NewRoman(0)/m/n/12 ,
 []


Underfull \hbox (badness 1087) in paragraph at lines 293--294
\TU/TimesNewRoman(0)/m/n/12 to output raw detections, but to provide the entire
 system with unified, traceable, and
 []

File: Figures//PointPillars Network Architecture.png Graphic file (type bmp)
<Figures//PointPillars Network Architecture.png>
[7] [8]
File: Figures//Overview of 3D MOT framework MCTrack.png Graphic file (type bmp)

<Figures//Overview of 3D MOT framework MCTrack.png>

Overfull \hbox (77.40546pt too wide) in paragraph at lines 345--346
\TU/TimesNewRoman(0)/m/n/12 The online MCTrack node is implemented in \TU/lmtt/
m/n/12 catkin_ws/src/ME5400/scripts/mctrack_online_node.py\TU/TimesNewRoman(0)/
m/n/12 .
 []


Overfull \hbox (37.79657pt too wide) in paragraph at lines 347--348
[]\TU/TimesNewRoman(0)/m/n/12 MCTrack publishes both \TU/lmtt/m/n/12 /mctrack/m
arkers \TU/TimesNewRoman(0)/m/n/12 for visualization and \TU/lmtt/m/n/12 /mctra
ck/tracked_objects
 []


Underfull \hbox (badness 1107) in paragraph at lines 347--348
\TU/TimesNewRoman(0)/m/n/12 for downstream optimization. In \TU/lmtt/m/n/12 Tra
ckedObject.msg\TU/TimesNewRoman(0)/m/n/12 , in addition to object pose and
 []

[9] [10]
Overfull \hbox (5.91095pt too wide) in paragraph at lines 419--420
\TU/TimesNewRoman(0)/m/n/12 In online mode, \TU/lmtt/m/n/12 run_all.sh \TU/Time
sNewRoman(0)/m/n/12 sequentially executes \TU/lmtt/m/n/12 run_baseline.sh \TU/T
imesNewRoman(0)/m/n/12 and \TU/lmtt/m/n/12 run_optimized.sh\TU/TimesNewRoman(0)
/m/n/12 .
 []


Underfull \hbox (badness 6078) in paragraph at lines 425--425
[][]\TU/TimesNewRoman(0)/m/n/8 Also publishes 
 []


Overfull \hbox (25.8041pt too wide) in paragraph at lines 432--433
[]\TU/TimesNewRoman(0)/m/n/12 After rosbag playback finishes, the script archiv
es \TU/lmtt/m/n/12 trajectory.txt\TU/TimesNewRoman(0)/m/n/12 , \TU/lmtt/m/n/12 
trajectory_joint.txt\TU/TimesNewRoman(0)/m/n/12 ,
 []

[11] [12]
Underfull \hbox (badness 1052) in paragraph at lines 439--440
\TU/TimesNewRoman(0)/m/n/12 boxes as a binary keep-or-remove decision. Instead,
 their contribution is continuously
 []


Underfull \hbox (badness 1102) in paragraph at lines 439--440
\TU/TimesNewRoman(0)/m/n/12 etry that accompanies hard removal. The current imp
lementation is mainly located in
 []


Overfull \hbox (80.36069pt too wide) in paragraph at lines 439--440
\TU/lmtt/m/n/12 catkin_ws/src/fast_lio/src/preprocess.cpp\TU/TimesNewRoman(0)/m
/n/12 . After FAST-LIO receives \TU/lmtt/m/n/12 /mctrack/tracked_objects\TU/Tim
esNewRoman(0)/m/n/12 ,
 []

[13] [14]
Overfull \hbox (56.37515pt too wide) in paragraph at lines 478--479
\TU/TimesNewRoman(0)/m/n/12 The joint backend is implemented in \TU/lmtt/m/n/12
 catkin_ws/src/ME5400/scripts/joint_backend_ego_node.py\TU/TimesNewRoman(0)/m/n
/12 ,
 []

[15]
Underfull \hbox (badness 1776) in paragraph at lines 518--519
\TU/TimesNewRoman(0)/m/n/12 sults under \TU/lmtt/m/n/12 Results/\TU/TimesNewRom
an(0)/m/n/12 . The online experiments cover seven sequences: 0003, 0006,
 []


Underfull \hbox (badness 1515) in paragraph at lines 518--519
\TU/TimesNewRoman(0)/m/n/12 0007, 0009, 0010, 0013, and 0020. All numerical val
ues are taken from the corre-
 []

File: Figures//The KITTI data collection vehicle.png Graphic file (type bmp)
<Figures//The KITTI data collection vehicle.png>
[16]
Overfull \hbox (10.96938pt too wide) in paragraph at lines 530--531
\TU/TimesNewRoman(0)/m/n/12 Table [][]3[][] summarizes ATE and RPE for all onli
ne sequences. It can be seen that \TU/lmtt/m/n/12 FAST-LIO+MCTrack
 []

[17]
File: ../Results/0020_results/Online/evaluation_result.png Graphic file (type b
mp)
<../Results/0020_results/Online/evaluation_result.png>
File: Figures//Visualization of tracked dynamic vehicles on Sequence 0020.png G
raphic file (type bmp)
<Figures//Visualization of tracked dynamic vehicles on Sequence 0020.png>
 [18] [19] [20]
File: ../Results/0003_results/Online/evaluation_result.png Graphic file (type b
mp)
<../Results/0003_results/Online/evaluation_result.png>
File: ../Results/0003_results/Online/evaluation_joint_backend.png Graphic file 
(type bmp)
<../Results/0003_results/Online/evaluation_joint_backend.png>
File: ../Results/0003_results/Online/ablation_bar.png Graphic file (type bmp)
<../Results/0003_results/Online/ablation_bar.png>
File: ../Results/0006_results/Online/evaluation_result.png Graphic file (type b
mp)
<../Results/0006_results/Online/evaluation_result.png>
File: ../Results/0006_results/Online/evaluation_joint_backend.png Graphic file 
(type bmp)
<../Results/0006_results/Online/evaluation_joint_backend.png>
File: ../Results/0006_results/Online/ablation_bar.png Graphic file (type bmp)
<../Results/0006_results/Online/ablation_bar.png>
File: ../Results/0007_results/Online/evaluation_result.png Graphic file (type b
mp)
<../Results/0007_results/Online/evaluation_result.png>
File: ../Results/0007_results/Online/evaluation_joint_backend.png Graphic file 
(type bmp)
<../Results/0007_results/Online/evaluation_joint_backend.png>
File: ../Results/0007_results/Online/ablation_bar.png Graphic file (type bmp)
<../Results/0007_results/Online/ablation_bar.png>
File: ../Results/0009_results/Online/evaluation_result.png Graphic file (type b
mp)
<../Results/0009_results/Online/evaluation_result.png>
File: ../Results/0009_results/Online/evaluation_joint_backend.png Graphic file 
(type bmp)
<../Results/0009_results/Online/evaluation_joint_backend.png>
File: ../Results/0009_results/Online/ablation_bar.png Graphic file (type bmp)
<../Results/0009_results/Online/ablation_bar.png>
File: ../Results/0010_results/Online/evaluation_result.png Graphic file (type b
mp)
<../Results/0010_results/Online/evaluation_result.png>
File: ../Results/0010_results/Online/evaluation_joint_backend.png Graphic file 
(type bmp)
<../Results/0010_results/Online/evaluation_joint_backend.png>
File: ../Results/0010_results/Online/ablation_bar.png Graphic file (type bmp)
<../Results/0010_results/Online/ablation_bar.png>
File: ../Results/0013_results/Online/evaluation_result.png Graphic file (type b
mp)
<../Results/0013_results/Online/evaluation_result.png>
File: ../Results/0013_results/Online/evaluation_joint_backend.png Graphic file 
(type bmp)
<../Results/0013_results/Online/evaluation_joint_backend.png>
File: ../Results/0013_results/Online/ablation_bar.png Graphic file (type bmp)
<../Results/0013_results/Online/ablation_bar.png>
File: ../Results/0020_results/Online/evaluation_result.png Graphic file (type b
mp)
<../Results/0020_results/Online/evaluation_result.png>
File: ../Results/0020_results/Online/evaluation_joint_backend.png Graphic file 
(type bmp)
<../Results/0020_results/Online/evaluation_joint_backend.png>
File: ../Results/0020_results/Online/ablation_bar.png Graphic file (type bmp)
<../Results/0020_results/Online/ablation_bar.png>
 [21

] [22] [23] [24] [25] [26] [27] [28] (Report_EN.aux)
Package rerunfilecheck Info: File `Report_EN.out' has not changed.
(rerunfilecheck)             Checksum: 37EE790D43D31ABEA08008C41A9061B2;5395.
 )
Output written on Report_EN.xdv (28 pages, 484420 bytes).
