**
(Report_CN.tex
LaTeX2e <2021-11-15> patch level 1
L3 programming layer <2022-02-24> (ctexart.cls (ctexbackend.cfg
File: ctexbackend.cfg 2021/12/12 v2.5.8 Backend configuration file (CTEX)
) (expl3.sty
Package: expl3 2022-02-24 L3 programming layer (loader) 

(l3backend-xetex.def
File: l3backend-xetex.def 2022-02-07 L3 backend support: XeTeX
\c__kernel_sys_dvipdfmx_version_int=\count181
\l__color_backend_stack_int=\count182
\g__color_backend_stack_int=\count183
\g__graphics_track_int=\count184
\l__pdf_internal_box=\box50
\g__pdf_backend_object_int=\count185
\g__pdf_backend_annotation_int=\count186
\g__pdf_backend_link_int=\count187
))
Document Class: ctexart 2021/12/12 v2.5.8 Chinese adapter for class article (CT
EX)
(xparse.sty
Package: xparse 2022-01-12 L3 Experimental document command parser
) (l3keys2e.sty
Package: l3keys2e 2022-01-12 LaTeX2e option processing using LaTeX3 keys
) (ctexhook.sty
Package: ctexhook 2021/12/12 v2.5.8 Document and package hooks (CTEX)
) (ctexpatch.sty
Package: ctexpatch 2021/12/12 v2.5.8 Patching commands (CTEX)
) (fix-cm.sty
Package: fix-cm 2020/11/24 v1.1t fixes to LaTeX

(ts1enc.def
File: ts1enc.def 2001/06/05 v3.0e (jk/car/fm) Standard LaTeX file
LaTeX Font Info:    Redeclaring font encoding TS1 on input line 47.
))
\l__ctex_tmp_int=\count188
\l__ctex_tmp_box=\box51
\l__ctex_tmp_dim=\dimen138
\g__ctex_section_depth_int=\count189
\g__ctex_font_size_int=\count190
 (ctexopts.cfg
File: ctexopts.cfg 2021/12/12 v2.5.8 Option configuration file (CTEX)
) (article.cls
Document Class: article 2021/10/04 v1.4n Standard LaTeX document class
(size12.clo
File: size12.clo 2021/10/04 v1.4n Standard LaTeX file (size option)
)
\c@part=\count191
\c@section=\count192
\c@subsection=\count193
\c@subsubsection=\count194
\c@paragraph=\count195
\c@subparagraph=\count196
\c@figure=\count197
\c@table=\count198
\abovecaptionskip=\skip47
\belowcaptionskip=\skip48
\bibindent=\dimen139
) (ctex-engine-xetex.def
File: ctex-engine-xetex.def 2021/12/12 v2.5.8 XeLaTeX adapter (CTEX)
 (xeCJK.sty
Package: xeCJK 2021/12/12 v3.8.8 Typesetting CJK scripts with XeLaTeX
 (xtemplate.sty
Package: xtemplate 2022-01-12 L3 Experimental prototype document functions
\l__xtemplate_tmp_dim=\dimen140
\l__xtemplate_tmp_int=\count199
\l__xtemplate_tmp_muskip=\muskip16
\l__xtemplate_tmp_skip=\skip49
)
\l__xeCJK_tmp_int=\count266
\l__xeCJK_tmp_box=\box52
\l__xeCJK_tmp_dim=\dimen141
\l__xeCJK_tmp_skip=\skip50
\g__xeCJK_space_factor_int=\count267
\l__xeCJK_begin_int=\count268
\l__xeCJK_end_int=\count269
\c__xeCJK_CJK_class_int=\XeTeXcharclass1
\c__xeCJK_FullLeft_class_int=\XeTeXcharclass2
\c__xeCJK_FullRight_class_int=\XeTeXcharclass3
\c__xeCJK_HalfLeft_class_int=\XeTeXcharclass4
\c__xeCJK_HalfRight_class_int=\XeTeXcharclass5
\c__xeCJK_NormalSpace_class_int=\XeTeXcharclass6
\c__xeCJK_CM_class_int=\XeTeXcharclass7
\c__xeCJK_HangulJamo_class_int=\XeTeXcharclass8
\l__xeCJK_last_skip=\skip51
\g__xeCJK_node_int=\count270
\c__xeCJK_CJK_node_dim=\dimen142
\c__xeCJK_CJK-space_node_dim=\dimen143
\c__xeCJK_default_node_dim=\dimen144
\c__xeCJK_default-space_node_dim=\dimen145
\c__xeCJK_CJK-widow_node_dim=\dimen146
\c__xeCJK_normalspace_node_dim=\dimen147
\l__xeCJK_ccglue_skip=\skip52
\l__xeCJK_ecglue_skip=\skip53
\l__xeCJK_punct_kern_skip=\skip54
\l__xeCJK_last_penalty_int=\count271
\l__xeCJK_last_bound_dim=\dimen148
\l__xeCJK_last_kern_dim=\dimen149
\l__xeCJK_widow_penalty_int=\count272

Package xtemplate Info: Declaring object type 'xeCJK/punctuation' taking 0
(xtemplate)             argument(s) on line 2337.

\l__xeCJK_fixed_punct_width_dim=\dimen150
\l__xeCJK_mixed_punct_width_dim=\dimen151
\l__xeCJK_middle_punct_width_dim=\dimen152
\l__xeCJK_fixed_margin_width_dim=\dimen153
\l__xeCJK_mixed_margin_width_dim=\dimen154
\l__xeCJK_middle_margin_width_dim=\dimen155
\l__xeCJK_bound_punct_width_dim=\dimen156
\l__xeCJK_bound_margin_width_dim=\dimen157
\l__xeCJK_margin_minimum_dim=\dimen158
\l__xeCJK_kerning_total_width_dim=\dimen159
\l__xeCJK_same_align_margin_dim=\dimen160
\l__xeCJK_different_align_margin_dim=\dimen161
\l__xeCJK_kerning_margin_width_dim=\dimen162
\l__xeCJK_kerning_margin_minimum_dim=\dimen163
\l__xeCJK_bound_dim=\dimen164
\l__xeCJK_reverse_bound_dim=\dimen165
\l__xeCJK_margin_dim=\dimen166
\l__xeCJK_minimum_bound_dim=\dimen167
\l__xeCJK_kerning_margin_dim=\dimen168
\g__xeCJK_family_int=\count273
\l__xeCJK_fam_int=\count274
\g__xeCJK_fam_allocation_int=\count275
\l__xeCJK_verb_case_int=\count276
\l__xeCJK_verb_exspace_skip=\skip55
 (fontspec.sty
Package: fontspec 2022/01/15 v2.8a Font selection for XeLaTeX and LuaLaTeX

(fontspec-xetex.sty
Package: fontspec-xetex 2022/01/15 v2.8a Font selection for XeLaTeX and LuaLaTe
X
\l__fontspec_script_int=\count277
\l__fontspec_language_int=\count278
\l__fontspec_strnum_int=\count279
\l__fontspec_tmp_int=\count280
\l__fontspec_tmpa_int=\count281
\l__fontspec_tmpb_int=\count282
\l__fontspec_tmpc_int=\count283
\l__fontspec_em_int=\count284
\l__fontspec_emdef_int=\count285
\l__fontspec_strong_int=\count286
\l__fontspec_strongdef_int=\count287
\l__fontspec_tmpa_dim=\dimen169
\l__fontspec_tmpb_dim=\dimen170
\l__fontspec_tmpc_dim=\dimen171
 (fontenc.sty
Package: fontenc 2021/04/29 v2.0v Standard LaTeX package
) (fontspec.cfg))) (xeCJK.cfg
File: xeCJK.cfg 2021/12/12 v3.8.8 Configuration file for xeCJK package
))
\ccwd=\dimen172
\l__ctex_ccglue_skip=\skip56
)
\l__ctex_ziju_dim=\dimen173
 (zhnumber.sty
Package: zhnumber 2020/05/01 v2.8 Typesetting numbers with Chinese glyphs
\l__zhnum_scale_int=\count288

(zhnumber-utf8.cfg
File: zhnumber-utf8.cfg 2020/05/01 v2.8 Chinese numerals with UTF8 encoding
))
\l__ctex_heading_skip=\skip57
 (ctex-scheme-chinese-article.def
File: ctex-scheme-chinese-article.def 2021/12/12 v2.5.8 Chinese scheme for arti
cle (CTEX)
 (ctex-name-utf8.cfg
File: ctex-name-utf8.cfg 2021/12/12 v2.5.8 Caption with encoding UTF-8 (CTEX)
))
(ctex-fontset-fandol.def
File: ctex-fontset-fandol.def 2021/12/12 v2.5.8 Fandol fonts definition (CTEX)


Package fontspec Warning: Font "FandolSong-Regular" does not contain requested
(fontspec)                Script "CJK".


Package fontspec Info: Font family 'FandolSong-Regular(0)' created for font
(fontspec)             'FandolSong-Regular' with options
(fontspec)             [Script={CJK},Extension={.otf},BoldFont={FandolSong-Bold
},ItalicFont={FandolKai-Regular}].
(fontspec)              
(fontspec)              This font family consists of the following NFSS
(fontspec)             series/shapes:
(fontspec)              
(fontspec)             - 'normal' (m/n) with NFSS spec.:
(fontspec)             <->"[FandolSong-Regular.otf]/OT:language=dflt;"
(fontspec)             - 'small caps'  (m/sc) with NFSS spec.: 
(fontspec)             - 'bold' (b/n) with NFSS spec.:
(fontspec)             <->"[FandolSong-Bold.otf]/OT:language=dflt;"
(fontspec)             - 'bold small caps'  (b/sc) with NFSS spec.: 
(fontspec)             - 'italic' (m/it) with NFSS spec.:
(fontspec)             <->"[FandolKai-Regular.otf]/OT:language=dflt;"
(fontspec)             - 'italic small caps'  (m/scit) with NFSS spec.: 

)) (ctex.cfg
File: ctex.cfg 2021/12/12 v2.5.8 Configuration file (CTEX)
) (geometry.sty
Package: geometry 2020/01/02 v5.9 Page Geometry
 (keyval.sty
Package: keyval 2014/10/28 v1.15 key=value parser (DPC)
\KV@toks@=\toks16
) (ifvtex.sty
Package: ifvtex 2019/10/25 v1.7 ifvtex legacy package. Use iftex instead.
 (iftex.sty
Package: iftex 2022/02/03 v1.0f TeX engine tests
))
\Gm@cnth=\count289
\Gm@cntv=\count290
\c@Gm@tempcnt=\count291
\Gm@bindingoffset=\dimen174
\Gm@wd@mp=\dimen175
\Gm@odd@mp=\dimen176
\Gm@even@mp=\dimen177
\Gm@layoutwidth=\dimen178
\Gm@layoutheight=\dimen179
\Gm@layouthoffset=\dimen180
\Gm@layoutvoffset=\dimen181
\Gm@dimlist=\toks17
)
(graphicx.sty
Package: graphicx 2021/09/16 v1.2d Enhanced LaTeX Graphics (DPC,SPQR)
 (graphics.sty
Package: graphics 2021/03/04 v1.4d Standard LaTeX Graphics (DPC,SPQR)
 (trig.sty
Package: trig 2021/08/11 v1.11 sin cos tan (DPC)
) (graphics.cfg
File: graphics.cfg 2016/06/04 v1.11 sample graphics configuration
)
Package graphics Info: Driver file: xetex.def on input line 107.
 (xetex.def
File: xetex.def 2021/03/18 v5.0k Graphics/color driver for xetex
))
\Gin@req@height=\dimen182
\Gin@req@width=\dimen183
)
(amsmath.sty
Package: amsmath 2021/10/15 v2.17l AMS math features
\@mathmargin=\skip58

For additional information on amsmath, use the `?' option.
(amstext.sty
Package: amstext 2021/08/26 v2.01 AMS text
 (amsgen.sty
File: amsgen.sty 1999/11/30 v2.0 generic functions
\@emptytoks=\toks18
\ex@=\dimen184
)) (amsbsy.sty
Package: amsbsy 1999/11/29 v1.2d Bold Symbols
\pmbraise@=\dimen185
) (amsopn.sty
Package: amsopn 2021/08/26 v2.02 operator names
)
\inf@bad=\count292
LaTeX Info: Redefining \frac on input line 234.
\uproot@=\count293
\leftroot@=\count294
LaTeX Info: Redefining \overline on input line 399.
\classnum@=\count295
\DOTSCASE@=\count296
LaTeX Info: Redefining \ldots on input line 496.
LaTeX Info: Redefining \dots on input line 499.
LaTeX Info: Redefining \cdots on input line 620.
\Mathstrutbox@=\box53
\strutbox@=\box54
\big@size=\dimen186
LaTeX Font Info:    Redeclaring font encoding OML on input line 743.
LaTeX Font Info:    Redeclaring font encoding OMS on input line 744.
\macc@depth=\count297
\c@MaxMatrixCols=\count298
\dotsspace@=\muskip17
\c@parentequation=\count299
\dspbrk@lvl=\count300
\tag@help=\toks19
\row@=\count301
\column@=\count302
\maxfields@=\count303
\andhelp@=\toks20
\eqnshift@=\dimen187
\alignsep@=\dimen188
\tagshift@=\dimen189
\tagwidth@=\dimen190
\totwidth@=\dimen191
\lineht@=\dimen192
\@envbody=\toks21
\multlinegap=\skip59
\multlinetaggap=\skip60
\mathdisplay@stack=\toks22
LaTeX Info: Redefining \[ on input line 2938.
LaTeX Info: Redefining \] on input line 2939.
) (amssymb.sty
Package: amssymb 2013/01/14 v3.01 AMS font symbols

(amsfonts.sty
Package: amsfonts 2013/01/14 v3.01 Basic AMSFonts support
\symAMSa=\mathgroup4
\symAMSb=\mathgroup5
LaTeX Font Info:    Redeclaring math symbol \hbar on input line 98.
LaTeX Font Info:    Overwriting math alphabet `\mathfrak' in version `bold'
(Font)                  U/euf/m/n --> U/euf/b/n on input line 106.
)) (booktabs.sty
Package: booktabs 2020/01/12 v1.61803398 Publication quality tables
\heavyrulewidth=\dimen193
\lightrulewidth=\dimen194
\cmidrulewidth=\dimen195
\belowrulesep=\dimen196
\belowbottomsep=\dimen197
\aboverulesep=\dimen198
\abovetopsep=\dimen199
\cmidrulesep=\dimen256
\cmidrulekern=\dimen257
\defaultaddspace=\dimen258
\@cmidla=\count304
\@cmidlb=\count305
\@aboverulesep=\dimen259
\@belowrulesep=\dimen260
\@thisruleclass=\count306
\@lastruleclass=\count307
\@thisrulewidth=\dimen261
) (longtable.sty
Package: longtable 2021-09-01 v4.17 Multi-page Table package (DPC)
\LTleft=\skip61
\LTright=\skip62
\LTpre=\skip63
\LTpost=\skip64
\LTchunksize=\count308
\LTcapwidth=\dimen262
\LT@head=\box55
\LT@firsthead=\box56
\LT@foot=\box57
\LT@lastfoot=\box58
\LT@gbox=\box59
\LT@cols=\count309
\LT@rows=\count310
\c@LT@tables=\count311
\c@LT@chunks=\count312
\LT@p@ftn=\toks23
) (array.sty
Package: array 2021/10/04 v2.5f Tabular extension package (FMi)
\col@sep=\dimen263
\ar@mcellbox=\box60
\extrarowheight=\dimen264
\NC@list=\toks24
\extratabsurround=\skip65
\backup@length=\skip66
\ar@cellbox=\box61
) (tabularx.sty
Package: tabularx 2020/01/15 v2.11c `tabularx' package (DPC)
\TX@col@width=\dimen265
\TX@old@table=\dimen266
\TX@old@col=\dimen267
\TX@target=\dimen268
\TX@delta=\dimen269
\TX@cols=\count313
\TX@ftn=\toks25
)
(float.sty
Package: float 2001/11/08 v1.3d Float enhancements (AL)
\c@float@type=\count314
\float@exts=\toks26
\float@box=\box62
\@float@everytoks=\toks27
\@floatcapt=\box63
) (caption.sty
Package: caption 2022/03/01 v3.6b Customizing captions (AR)
 (caption3.sty
Package: caption3 2022/03/17 v2.3b caption3 kernel (AR)
\caption@tempdima=\dimen270
\captionmargin=\dimen271
\caption@leftmargin=\dimen272
\caption@rightmargin=\dimen273
\caption@width=\dimen274
\caption@indent=\dimen275
\caption@parindent=\dimen276
\caption@hangindent=\dimen277
Package caption Info: Standard document class detected.
)
\c@caption@flags=\count315
\c@continuedfloat=\count316
Package caption Info: float package is loaded.
Package caption Info: longtable package is loaded.
 (ltcaption.sty
Package: ltcaption 2021/01/08 v1.4c longtable captions (AR)
)) (subcaption.sty
Package: subcaption 2022/01/07 v1.5 Sub-captions (AR)
\c@subfigure=\count317
\c@subtable=\count318
)
(hyperref.sty
Package: hyperref 2022-02-21 v7.00n Hypertext links for LaTeX
 (ltxcmds.sty
Package: ltxcmds 2020-05-10 v1.25 LaTeX kernel commands for general use (HO)
) (pdftexcmds.sty
Package: pdftexcmds 2020-06-27 v0.33 Utility functions of pdfTeX for LuaTeX (HO
)
 (infwarerr.sty
Package: infwarerr 2019/12/03 v1.5 Providing info/warning/error messages (HO)
)
Package pdftexcmds Info: \pdf@primitive is available.
Package pdftexcmds Info: \pdf@ifprimitive is available.
Package pdftexcmds Info: \pdfdraftmode not found.
) (kvsetkeys.sty
Package: kvsetkeys 2019/12/15 v1.18 Key value parser (HO)
)
(kvdefinekeys.sty
Package: kvdefinekeys 2019-12-19 v1.6 Define keys (HO)
) (pdfescape.sty
Package: pdfescape 2019/12/09 v1.15 Implements pdfTeX's escape features (HO)
) (hycolor.sty
Package: hycolor 2020-01-27 v1.10 Color options for hyperref/bookmark (HO)
) (letltxmacro.sty
Package: letltxmacro 2019/12/03 v1.6 Let assignment for LaTeX macros (HO)
) (auxhook.sty
Package: auxhook 2019-12-17 v1.6 Hooks for auxiliary files (HO)
) (kvoptions.sty
Package: kvoptions 2020-10-07 v3.14 Key value format for package options (HO)
)
\@linkdim=\dimen278
\Hy@linkcounter=\count319
\Hy@pagecounter=\count320
 (pd1enc.def
File: pd1enc.def 2022-02-21 v7.00n Hyperref: PDFDocEncoding definition (HO)
) (intcalc.sty
Package: intcalc 2019/12/15 v1.3 Expandable calculations with integers (HO)
) (etexcmds.sty
Package: etexcmds 2019/12/15 v1.7 Avoid name clashes with e-TeX commands (HO)
)
\Hy@SavedSpaceFactor=\count321
 (puenc.def
File: puenc.def 2022-02-21 v7.00n Hyperref: PDF Unicode definition (HO)
)
Package hyperref Info: Option `unicode' set `true' on input line 4018.
Package hyperref Info: Hyper figures OFF on input line 4137.
Package hyperref Info: Link nesting OFF on input line 4142.
Package hyperref Info: Hyper index ON on input line 4145.
Package hyperref Info: Plain pages OFF on input line 4152.
Package hyperref Info: Backreferencing OFF on input line 4157.
Package hyperref Info: Implicit mode ON; LaTeX internals redefined.
Package hyperref Info: Bookmarks ON on input line 4390.
\c@Hy@tempcnt=\count322

(url.sty
\Urlmuskip=\muskip18
Package: url 2013/09/16  ver 3.4  Verb mode for urls, etc.
)
LaTeX Info: Redefining \url on input line 4749.
\XeTeXLinkMargin=\dimen279
 (bitset.sty
Package: bitset 2019/12/09 v1.3 Handle bit-vector datatype (HO)
 (bigintcalc.sty
Package: bigintcalc 2019/12/15 v1.5 Expandable calculations on big integers (HO
)
))
\Fld@menulength=\count323
\Field@Width=\dimen280
\Fld@charsize=\dimen281
Package hyperref Info: Hyper figures OFF on input line 6027.
Package hyperref Info: Link nesting OFF on input line 6032.
Package hyperref Info: Hyper index ON on input line 6035.
Package hyperref Info: backreferencing OFF on input line 6042.
Package hyperref Info: Link coloring OFF on input line 6047.
Package hyperref Info: Link coloring with OCG OFF on input line 6052.
Package hyperref Info: PDF/A mode OFF on input line 6057.
LaTeX Info: Redefining \ref on input line 6097.
LaTeX Info: Redefining \pageref on input line 6101.
 (atbegshi-ltx.sty
Package: atbegshi-ltx 2021/01/10 v1.0c Emulation of the original atbegshi
package with kernel methods
)
\Hy@abspage=\count324
\c@Item=\count325
\c@Hfootnote=\count326
)
Package hyperref Info: Driver (autodetected): hxetex.
 (hxetex.def
File: hxetex.def 2022-02-21 v7.00n Hyperref driver for XeTeX

(stringenc.sty
Package: stringenc 2019/11/29 v1.12 Convert strings between diff. encodings (HO
)
)
\pdfm@box=\box64
\c@Hy@AnnotLevel=\count327
\HyField@AnnotCount=\count328
\Fld@listcount=\count329
\c@bookmark@seq@number=\count330
 (rerunfilecheck.sty
Package: rerunfilecheck 2019/12/05 v1.9 Rerun checks for auxiliary files (HO)
 (atveryend-ltx.sty
Package: atveryend-ltx 2020/08/19 v1.0a Emulation of the original atveryend pac
kage
with kernel methods
) (uniquecounter.sty
Package: uniquecounter 2019/12/15 v1.4 Provide unlimited unique counter (HO)
)
Package uniquecounter Info: New unique counter `rerunfilecheck' on input line 2
86.
)
\Hy@SectionHShift=\skip67
)
(setspace.sty
Package: setspace 2011/12/19 v6.7a set line spacing
) (makecell.sty
Package: makecell 2009/08/03 V0.1e Managing of Tab Column Heads and Cells
\rotheadsize=\dimen282
\c@nlinenum=\count331
\TeXr@lab=\toks28
) (enumitem.sty
Package: enumitem 2019/06/20 v3.9 Customized lists
\labelindent=\skip68
\enit@outerparindent=\dimen283
\enit@toks=\toks29
\enit@inbox=\box65
\enit@count@id=\count332
\enitdp@description=\count333
)
Package hyperref Info: Option `colorlinks' set `true' on input line 24.
 (Report_CN.aux)
\openout1 = `Report_CN.aux'.

LaTeX Font Info:    Checking defaults for OML/cmm/m/it on input line 89.
LaTeX Font Info:    ... okay on input line 89.
LaTeX Font Info:    Checking defaults for OMS/cmsy/m/n on input line 89.
LaTeX Font Info:    ... okay on input line 89.
LaTeX Font Info:    Checking defaults for OT1/cmr/m/n on input line 89.
LaTeX Font Info:    ... okay on input line 89.
LaTeX Font Info:    Checking defaults for T1/cmr/m/n on input line 89.
LaTeX Font Info:    ... okay on input line 89.
LaTeX Font Info:    Checking defaults for TS1/cmr/m/n on input line 89.
LaTeX Font Info:    ... okay on input line 89.
LaTeX Font Info:    Checking defaults for TU/lmr/m/n on input line 89.
LaTeX Font Info:    ... okay on input line 89.
LaTeX Font Info:    Checking defaults for OMX/cmex/m/n on input line 89.
LaTeX Font Info:    ... okay on input line 89.
LaTeX Font Info:    Checking defaults for U/cmr/m/n on input line 89.
LaTeX Font Info:    ... okay on input line 89.
LaTeX Font Info:    Checking defaults for PD1/pdf/m/n on input line 89.
LaTeX Font Info:    ... okay on input line 89.
LaTeX Font Info:    Checking defaults for PU/pdf/m/n on input line 89.
LaTeX Font Info:    ... okay on input line 89.

Package fontspec Info: Adjusting the maths setup (use [no-math] to avoid
(fontspec)             this).

\symlegacymaths=\mathgroup6
LaTeX Font Info:    Overwriting symbol font `legacymaths' in version `bold'
(Font)                  OT1/cmr/m/n --> OT1/cmr/bx/n on input line 89.
LaTeX Font Info:    Redeclaring math accent \acute on input line 89.
LaTeX Font Info:    Redeclaring math accent \grave on input line 89.
LaTeX Font Info:    Redeclaring math accent \ddot on input line 89.
LaTeX Font Info:    Redeclaring math accent \tilde on input line 89.
LaTeX Font Info:    Redeclaring math accent \bar on input line 89.
LaTeX Font Info:    Redeclaring math accent \breve on input line 89.
LaTeX Font Info:    Redeclaring math accent \check on input line 89.
LaTeX Font Info:    Redeclaring math accent \hat on input line 89.
LaTeX Font Info:    Redeclaring math accent \dot on input line 89.
LaTeX Font Info:    Redeclaring math accent \mathring on input line 89.
LaTeX Font Info:    Redeclaring math symbol \Gamma on input line 89.
LaTeX Font Info:    Redeclaring math symbol \Delta on input line 89.
LaTeX Font Info:    Redeclaring math symbol \Theta on input line 89.
LaTeX Font Info:    Redeclaring math symbol \Lambda on input line 89.
LaTeX Font Info:    Redeclaring math symbol \Xi on input line 89.
LaTeX Font Info:    Redeclaring math symbol \Pi on input line 89.
LaTeX Font Info:    Redeclaring math symbol \Sigma on input line 89.
LaTeX Font Info:    Redeclaring math symbol \Upsilon on input line 89.
LaTeX Font Info:    Redeclaring math symbol \Phi on input line 89.
LaTeX Font Info:    Redeclaring math symbol \Psi on input line 89.
LaTeX Font Info:    Redeclaring math symbol \Omega on input line 89.
LaTeX Font Info:    Redeclaring math symbol \mathdollar on input line 89.
LaTeX Font Info:    Redeclaring symbol font `operators' on input line 89.
LaTeX Font Info:    Encoding `OT1' has changed to `TU' for symbol font
(Font)              `operators' in the math version `normal' on input line 89.
LaTeX Font Info:    Overwriting symbol font `operators' in version `normal'
(Font)                  OT1/cmr/m/n --> TU/lmr/m/n on input line 89.
LaTeX Font Info:    Encoding `OT1' has changed to `TU' for symbol font
(Font)              `operators' in the math version `bold' on input line 89.
LaTeX Font Info:    Overwriting symbol font `operators' in version `bold'
(Font)                  OT1/cmr/bx/n --> TU/lmr/m/n on input line 89.
LaTeX Font Info:    Overwriting symbol font `operators' in version `normal'
(Font)                  TU/lmr/m/n --> TU/lmr/m/n on input line 89.
LaTeX Font Info:    Overwriting math alphabet `\mathit' in version `normal'
(Font)                  OT1/cmr/m/it --> TU/lmr/m/it on input line 89.
LaTeX Font Info:    Overwriting math alphabet `\mathbf' in version `normal'
(Font)                  OT1/cmr/bx/n --> TU/lmr/b/n on input line 89.
LaTeX Font Info:    Overwriting math alphabet `\mathsf' in version `normal'
(Font)                  OT1/cmss/m/n --> TU/lmss/m/n on input line 89.
LaTeX Font Info:    Overwriting math alphabet `\mathtt' in version `normal'
(Font)                  OT1/cmtt/m/n --> TU/lmtt/m/n on input line 89.
LaTeX Font Info:    Overwriting symbol font `operators' in version `bold'
(Font)                  TU/lmr/m/n --> TU/lmr/b/n on input line 89.
LaTeX Font Info:    Overwriting math alphabet `\mathit' in version `bold'
(Font)                  OT1/cmr/bx/it --> TU/lmr/b/it on input line 89.
LaTeX Font Info:    Overwriting math alphabet `\mathsf' in version `bold'
(Font)                  OT1/cmss/bx/n --> TU/lmss/b/n on input line 89.
LaTeX Font Info:    Overwriting math alphabet `\mathtt' in version `bold'
(Font)                  OT1/cmtt/m/n --> TU/lmtt/b/n on input line 89.

*geometry* driver: auto-detecting
*geometry* detected driver: xetex
*geometry* verbose mode - [ preamble ] result:
* driver: xetex
* paper: a4paper
* layout: <same size as paper>
* layoutoffset:(h,v)=(0.0pt,0.0pt)
* modes: 
* h-part:(L,W,R)=(72.26999pt, 452.9679pt, 72.26999pt)
* v-part:(T,H,B)=(72.26999pt, 700.50687pt, 72.26999pt)
* \paperwidth=597.50787pt
* \paperheight=845.04684pt
* \textwidth=452.9679pt
* \textheight=700.50687pt
* \oddsidemargin=0.0pt
* \evensidemargin=0.0pt
* \topmargin=-37.0pt
* \headheight=12.0pt
* \headsep=25.0pt
* \topskip=12.0pt
* \footskip=30.0pt
* \marginparwidth=35.0pt
* \marginparsep=10.0pt
* \columnsep=10.0pt
* \skip\footins=10.8pt plus 4.0pt minus 2.0pt
* \hoffset=0.0pt
* \voffset=0.0pt
* \mag=1000
* \@twocolumnfalse
* \@twosidefalse
* \@mparswitchfalse
* \@reversemarginfalse
* (1in=72.27pt=25.4mm, 1cm=28.453pt)

Package caption Info: Begin \AtBeginDocument code.
Package caption Info: hyperref package is loaded.
Package caption Info: End \AtBeginDocument code.
(color.sty
Package: color 2021/12/07 v1.3c Standard LaTeX Color (DPC)
 (color.cfg
File: color.cfg 2016/01/02 v1.6 sample color configuration
)
Package color Info: Driver file: xetex.def on input line 149.
)
Package hyperref Info: Link coloring ON on input line 89.
 (nameref.sty
Package: nameref 2021-04-02 v2.47 Cross-referencing by name of section
 (refcount.sty
Package: refcount 2019/12/15 v3.6 Data extraction from label references (HO)
) (gettitlestring.sty
Package: gettitlestring 2019/12/15 v1.6 Cleanup title references (HO)
)
\c@section@level=\count334
)
LaTeX Info: Redefining \ref on input line 89.
LaTeX Info: Redefining \pageref on input line 89.
LaTeX Info: Redefining \nameref on input line 89.

(Report_CN.out) (Report_CN.out)
\@outlinefile=\write3
\openout3 = `Report_CN.out'.

LaTeX Font Info:    Trying to load font information for U+msa on input line 91.

 (umsa.fd
File: umsa.fd 2013/01/14 v3.01 AMS symbols A
)
LaTeX Font Info:    Trying to load font information for U+msb on input line 91.

 (umsb.fd
File: umsb.fd 2013/01/14 v3.01 AMS symbols B
)

Package fontspec Warning: Font "FandolFang-Regular" does not contain requested
(fontspec)                Script "CJK".


Package fontspec Info: Font family 'FandolFang-Regular(0)' created for font
(fontspec)             'FandolFang-Regular' with options
(fontspec)             [Script={CJK},Extension={.otf}].
(fontspec)              
(fontspec)              This font family consists of the following NFSS
(fontspec)             series/shapes:
(fontspec)              
(fontspec)             - 'normal' (m/n) with NFSS spec.:
(fontspec)             <->"[FandolFang-Regular.otf]/OT:language=dflt;"
(fontspec)             - 'small caps'  (m/sc) with NFSS spec.: 

[1

]
Underfull \hbox (badness 10000) in paragraph at lines 125--125
[]|\TU/lmr/m/n/10.95 LiDAR\TU/FandolSong-Regular(0)/m/n/10.95 ；| \TU/lmr/m/n/10
.95 LiDAR
 []


Underfull \hbox (badness 10000) in paragraph at lines 125--125
[]|\TU/lmr/m/n/10.95 LiDAR+IMU\TU/FandolSong-Regular(0)/m/n/10.95 ；|
 []


Underfull \hbox (badness 10000) in paragraph at lines 125--125
[]|\TU/lmr/m/n/10.95 IMM-
 []


Underfull \hbox (badness 10000) in paragraph at lines 125--125
[]|\TU/lmr/m/n/10.95 Online Dy-
 []


Underfull \hbox (badness 6001) in paragraph at lines 125--125
[]|\TU/FandolSong-Regular(0)/m/n/10.95 紧 耦 合；| \TU/lmr/m/n/10.95 iSAM2
 []


Underfull \hbox (badness 10000) in paragraph at lines 125--125
[]|\TU/lmr/m/n/10.95 LiDAR\TU/FandolSong-Regular(0)/m/n/10.95 ；| \TU/lmr/m/n/10
.95 LiDAR
 []

LaTeX Font Info:    Font shape `TU/FandolSong-Regular(0)/m/sl' in size <12> not
 available
(Font)              Font shape `TU/FandolSong-Regular(0)/m/it' tried instead on
 input line 127.
[2]
File: Figures//Overall architecture of the proposed dynamic-scene trajectory op
timization framework.png Graphic file (type bmp)
<Figures//Overall architecture of the proposed dynamic-scene trajectory optimiz
ation framework.png>
 [3]
Underfull \hbox (badness 2050) in paragraph at lines 140--141
[]\TU/FandolSong-Regular(0)/m/n/12 从 整 体 上 看，|  系 统 由 三 层 组 成。|  第 一 层 是 前 端 感 
知 层：|  原 始 \TU/lmr/m/n/12 LiDAR \TU/FandolSong-Regular(0)/m/n/12 点 云
 []


Overfull \hbox (45.60011pt too wide) in paragraph at lines 140--141
\TU/FandolSong-Regular(0)/m/n/12 联 合 后 端 层：| \TU/lmtt/m/n/12 joint_backend_ego_
node.py \TU/FandolSong-Regular(0)/m/n/12 同 时 订 阅 \TU/lmtt/m/n/12 /Odometry \TU/
FandolSong-Regular(0)/m/n/12 与 \TU/lmtt/m/n/12 /mctrack/tracked_objects\TU/Fand
olSong-Regular(0)/m/n/12 ，|
 []

File: Figures//FAST-LIO2 System Architecture.jpg Graphic file (type bmp)
<Figures//FAST-LIO2 System Architecture.jpg>
[4] [5]
File: Figures//Overview of 3D MOT framework MCTrack.png Graphic file (type bmp)

<Figures//Overview of 3D MOT framework MCTrack.png>

Overfull \hbox (28.0001pt too wide) in paragraph at lines 180--181
[]\TU/lmr/m/n/12 MCTrack \TU/FandolSong-Regular(0)/m/n/12 在 线 节 点 实 现 于 \TU/lmt
t/m/n/12 catkin_ws/src/ME5400/scripts/mctrack_online_node.py\TU/FandolSong-Regu
lar(0)/m/n/12 。|
 []


Overfull \hbox (15.65587pt too wide) in paragraph at lines 188--189
[]\TU/FandolSong-Regular(0)/m/n/12 项 目 通 过 \TU/lmtt/m/n/12 Scripts/\TU/FandolSo
ng-Regular(0)/m/n/12 、| \TU/lmtt/m/n/12 catkin_ws/src/ME5400/scripts/ \TU/Fando
lSong-Regular(0)/m/n/12 和 \TU/lmtt/m/n/12 catkin_ws/src/fast_lio/
 []

[6]
Overfull \hbox (25.35002pt too wide) in paragraph at lines 204--204
[]|\TU/lmtt/m/n/12 Scripts/run_baseline.sh\TU/FandolSong-Regular(0)/m/n/12 ；|
 []


Overfull \hbox (65.89853pt too wide) in paragraph at lines 204--204
\TU/lmtt/m/n/12 Scripts/fastlio/run_fastlio.sh| 
 []


Underfull \hbox (badness 10000) in paragraph at lines 204--204
[]|\TU/FandolSong-Regular(0)/m/n/12 启 动 纯 \TU/lmr/m/n/12 FAST-LIO \TU/FandolSon
g-Regular(0)/m/n/12 基 线 并 输 出
 []


Overfull \hbox (31.53001pt too wide) in paragraph at lines 204--204
[]|\TU/lmtt/m/n/12 Scripts/run_optimized.sh\TU/FandolSong-Regular(0)/m/n/12 ；|
 []


Overfull \hbox (31.53001pt too wide) in paragraph at lines 204--204
\TU/lmtt/m/n/12 run_pointpillars_node.sh\TU/FandolSong-Regular(0)/m/n/12 ；|
 []


Overfull \hbox (43.89001pt too wide) in paragraph at lines 204--204
\TU/lmtt/m/n/12 run_mctrack_online_node.sh\TU/FandolSong-Regular(0)/m/n/12 ；|
 []


Overfull \hbox (28.81853pt too wide) in paragraph at lines 204--204
\TU/lmtt/m/n/12 run_joint_backend_ego.sh| 
 []


Underfull \hbox (badness 10000) in paragraph at lines 204--204
[]|\TU/FandolSong-Regular(0)/m/n/12 启 动 \TU/lmr/m/n/12 PointPillars\TU/FandolSo
ng-Regular(0)/m/n/12 、| \TU/lmr/m/n/12 MCTrack\TU/FandolSong-Regular(0)/m/n/12 
、|  动 态
 []


Underfull \hbox (badness 10000) in paragraph at lines 204--204
\TU/FandolSong-Regular(0)/m/n/12 权 重 \TU/lmr/m/n/12 FAST-LIO \TU/FandolSong-Reg
ular(0)/m/n/12 和 联 合 后 端，|  输 出
 []


Underfull \hbox (badness 1168) in paragraph at lines 204--204
[]|\TU/FandolSong-Regular(0)/m/n/12 一 键 在 线 对
 []


Overfull \hbox (25.62701pt too wide) in paragraph at lines 204--204
\TU/lmtt/m/n/12 Results/<seq>_results/Online/full_run.log\TU/FandolSong-Regular
(0)/m/n/12 。|| 
 []


Underfull \hbox (badness 1168) in paragraph at lines 204--204
[]|\TU/FandolSong-Regular(0)/m/n/12 离 线 双 轨 实
 []


Overfull \hbox (43.89001pt too wide) in paragraph at lines 204--204
[]|\TU/lmtt/m/n/12 Scripts/run_offline_all.sh\TU/FandolSong-Regular(0)/m/n/12 ；
|
 []


Overfull \hbox (10.27852pt too wide) in paragraph at lines 204--204
\TU/lmtt/m/n/12 offline_bag_feeder.py| 
 []


Overfull \hbox (148.95001pt too wide) in paragraph at lines 204--204
[]|\TU/lmtt/m/n/12 Scripts/evaluation/evaluate_trajectories.py\TU/FandolSong-Re
gular(0)/m/n/12 ；|
 []


Overfull \hbox (22.63853pt too wide) in paragraph at lines 204--204
\TU/lmtt/m/n/12 odom_to_tum_recorder.py| 
 []


Underfull \hbox (badness 10000) in paragraph at lines 204--204
[]|\TU/FandolSong-Regular(0)/m/n/12 生 成 \TU/lmtt/m/n/12 metrics.txt\TU/FandolSo
ng-Regular(0)/m/n/12 、| \TU/lmtt/m/n/12 metrics.json\TU/FandolSong-Regular(0)/m
/n/12 、|
 []


Underfull \hbox (badness 10000) in paragraph at lines 204--204
\TU/lmtt/m/n/12 evaluation_result.png\TU/FandolSong-Regular(0)/m/n/12 、|
 []


Underfull \hbox (badness 10000) in paragraph at lines 204--204
\TU/lmtt/m/n/12 evaluation_joint_backend.png \TU/FandolSong-Regular(0)/m/n/12 和

 []


Underfull \hbox (badness 3049) in paragraph at lines 208--209
\TU/FandolSong-Regular(0)/m/n/12 启 动 \TU/lmr/m/n/12 PointPillars\TU/FandolSong-
Regular(0)/m/n/12 、| \TU/lmr/m/n/12 MCTrack\TU/FandolSong-Regular(0)/m/n/12 、| 
\TU/lmr/m/n/12 FAST-LIO \TU/FandolSong-Regular(0)/m/n/12 的 \TU/lmtt/m/n/12 both
 \TU/FandolSong-Regular(0)/m/n/12 模 式 以 及 联 合 后 端，|  并 通 过
 []

[7]
Overfull \hbox (27.13211pt too wide) in paragraph at lines 218--219
[]\TU/FandolSong-Regular(0)/m/n/12 不 论 在 线 还 是 离 线，|  项 目 最 终 都 会 把 关 键 文 件 整 理
 到 \TU/lmtt/m/n/12 Results/<seq>_results/<mode>/\TU/FandolSong-Regular(0)/m/n/1
2 。|
 []


Underfull \hbox (badness 1728) in paragraph at lines 222--223
[]\TU/FandolSong-Regular(0)/m/n/12 动 态 权 重 优 化 的 核 心 思 想 是：|  不 再 把 目 标 框 内 的 点
 云 简 单 二 值 删 除，|  而 是
 []


Underfull \hbox (badness 1286) in paragraph at lines 222--223
\TU/FandolSong-Regular(0)/m/n/12 根 据 目 标 的 运 动 状 态 和 可 信 度 连 续 降 低 这 些 点 的 贡 献。
|  这 样 既 能 减 少 动 态 目 标
 []


Underfull \hbox (badness 1418) in paragraph at lines 222--223
\TU/FandolSong-Regular(0)/m/n/12 对 定 位 的 污 染，|  又 不 会 像 硬 剔 除 那 样 一 次 性 损 失 所 有
 局 部 几 何 信 息。|  当 前 实 现
 []


Underfull \hbox (badness 5726) in paragraph at lines 222--223
\TU/FandolSong-Regular(0)/m/n/12 主 要 位 于 \TU/lmtt/m/n/12 catkin_ws/src/fast_lio
/src/preprocess.cpp\TU/FandolSong-Regular(0)/m/n/12 ，| \TU/lmr/m/n/12 FAST-LIO 
\TU/FandolSong-Regular(0)/m/n/12 在 接 收 到
 []

[8]
Overfull \hbox (33.23991pt too wide) in paragraph at lines 255--256
[]\TU/FandolSong-Regular(0)/m/n/12 权 重 真 正 生 效 的 位 置 是 点 云 预 处 理。|  对 于 每 个 输 入
 点，|  系 统 会 调 用 \TU/lmtt/m/n/12 computePointWeight()
 []

[9] [10]
File: Figures//The KITTI data collection vehicle.png Graphic file (type bmp)
<Figures//The KITTI data collection vehicle.png>
 [11]
File: ../Results/0020_results/Online/evaluation_result.png Graphic file (type b
mp)
<../Results/0020_results/Online/evaluation_result.png>
 [12]
File: ../Results/0020_results/Offline/evaluation_joint_backend.png Graphic file
 (type bmp)
<../Results/0020_results/Offline/evaluation_joint_backend.png>
 [13] [14] [15]
File: ../Results/0003_results/Online/evaluation_result.png Graphic file (type b
mp)
<../Results/0003_results/Online/evaluation_result.png>
File: ../Results/0003_results/Online/evaluation_joint_backend.png Graphic file 
(type bmp)
<../Results/0003_results/Online/evaluation_joint_backend.png>
File: ../Results/0003_results/Online/ablation_bar.png Graphic file (type bmp)
<../Results/0003_results/Online/ablation_bar.png>
File: ../Results/0006_results/Online/evaluation_result.png Graphic file (type b
mp)
<../Results/0006_results/Online/evaluation_result.png>
File: ../Results/0006_results/Online/evaluation_joint_backend.png Graphic file 
(type bmp)
<../Results/0006_results/Online/evaluation_joint_backend.png>
File: ../Results/0006_results/Online/ablation_bar.png Graphic file (type bmp)
<../Results/0006_results/Online/ablation_bar.png>
File: ../Results/0007_results/Online/evaluation_result.png Graphic file (type b
mp)
<../Results/0007_results/Online/evaluation_result.png>
File: ../Results/0007_results/Online/evaluation_joint_backend.png Graphic file 
(type bmp)
<../Results/0007_results/Online/evaluation_joint_backend.png>
File: ../Results/0007_results/Online/ablation_bar.png Graphic file (type bmp)
<../Results/0007_results/Online/ablation_bar.png>
File: ../Results/0009_results/Online/evaluation_result.png Graphic file (type b
mp)
<../Results/0009_results/Online/evaluation_result.png>
File: ../Results/0009_results/Online/evaluation_joint_backend.png Graphic file 
(type bmp)
<../Results/0009_results/Online/evaluation_joint_backend.png>
File: ../Results/0009_results/Online/ablation_bar.png Graphic file (type bmp)
<../Results/0009_results/Online/ablation_bar.png>
File: ../Results/0010_results/Online/evaluation_result.png Graphic file (type b
mp)
<../Results/0010_results/Online/evaluation_result.png>
File: ../Results/0010_results/Online/evaluation_joint_backend.png Graphic file 
(type bmp)
<../Results/0010_results/Online/evaluation_joint_backend.png>
File: ../Results/0010_results/Online/ablation_bar.png Graphic file (type bmp)
<../Results/0010_results/Online/ablation_bar.png>
File: ../Results/0012_results/Online/evaluation_result.png Graphic file (type b
mp)
<../Results/0012_results/Online/evaluation_result.png>
File: ../Results/0012_results/Online/evaluation_joint_backend.png Graphic file 
(type bmp)
<../Results/0012_results/Online/evaluation_joint_backend.png>
File: ../Results/0012_results/Online/ablation_bar.png Graphic file (type bmp)
<../Results/0012_results/Online/ablation_bar.png>
File: ../Results/0013_results/Online/evaluation_result.png Graphic file (type b
mp)
<../Results/0013_results/Online/evaluation_result.png>
File: ../Results/0013_results/Online/evaluation_joint_backend.png Graphic file 
(type bmp)
<../Results/0013_results/Online/evaluation_joint_backend.png>
File: ../Results/0013_results/Online/ablation_bar.png Graphic file (type bmp)
<../Results/0013_results/Online/ablation_bar.png>
File: ../Results/0017_results/Online/evaluation_result.png Graphic file (type b
mp)
<../Results/0017_results/Online/evaluation_result.png>
File: ../Results/0017_results/Online/evaluation_joint_backend.png Graphic file 
(type bmp)
<../Results/0017_results/Online/evaluation_joint_backend.png>
File: ../Results/0017_results/Online/ablation_bar.png Graphic file (type bmp)
<../Results/0017_results/Online/ablation_bar.png>
File: ../Results/0020_results/Online/evaluation_result.png Graphic file (type b
mp)
<../Results/0020_results/Online/evaluation_result.png>
File: ../Results/0020_results/Online/evaluation_joint_backend.png Graphic file 
(type bmp)
<../Results/0020_results/Online/evaluation_joint_backend.png>
File: ../Results/0020_results/Online/ablation_bar.png Graphic file (type bmp)
<../Results/0020_results/Online/ablation_bar.png>
 [16

] [17] [18] [19] [20] [21] [22] [23]
[24] [25]
File: ../Results/0009_results/Offline/evaluation_result.png Graphic file (type 
bmp)
<../Results/0009_results/Offline/evaluation_result.png>
File: ../Results/0009_results/Offline/evaluation_joint_backend.png Graphic file
 (type bmp)
<../Results/0009_results/Offline/evaluation_joint_backend.png>
File: ../Results/0009_results/Offline/ablation_bar.png Graphic file (type bmp)
<../Results/0009_results/Offline/ablation_bar.png>
File: ../Results/0020_results/Offline/evaluation_result.png Graphic file (type 
bmp)
<../Results/0020_results/Offline/evaluation_result.png>
File: ../Results/0020_results/Offline/evaluation_joint_backend.png Graphic file
 (type bmp)
<../Results/0020_results/Offline/evaluation_joint_backend.png>
File: ../Results/0020_results/Offline/ablation_bar.png Graphic file (type bmp)
<../Results/0020_results/Offline/ablation_bar.png>
 [26

] [27] [28] (Report_CN.aux)
Package rerunfilecheck Info: File `Report_CN.out' has not changed.
(rerunfilecheck)             Checksum: B8B62B9F756274F53457F6DB0D22D5A3;3765.
 )
Output written on Report_CN.xdv (28 pages, 260920 bytes).
